******************************************************************************
                  TI ARM Linker PC v15.12.2                    
******************************************************************************
>> Linked Sun Jul 31 23:42:17 2016

OUTPUT FILE NAME:   <TivaC_3_Timer_BT.out>
ENTRY POINT SYMBOL: "_c_int00"  address: 000009c9


MEMORY CONFIGURATION

         name            origin    length      used     unused   attr    fill
----------------------  --------  ---------  --------  --------  ----  --------
  FLASH                 00000000   00040000  00001046  0003efba  R  X
  SRAM                  20000000   00008000  00000488  00007b78  RW X


SEGMENT ALLOCATION MAP

run origin  load origin   length   init length attrs members
----------  ----------- ---------- ----------- ----- -------
00000000    00000000    0000104c   0000104c    r-x
  00000000    00000000    0000026c   0000026c    r-- .intvecs
  0000026c    0000026c    00000a8a   00000a8a    r-x .text
  00000cf8    00000cf8    000002fc   000002fc    r-- .const
  00000ff8    00000ff8    00000054   00000054    r-- .cinit
20000000    20000000    00000488   00000000    rw-
  20000000    20000000    0000026c   00000000    rw- .vtable
  2000026c    2000026c    00000200   00000000    rw- .stack
  2000046c    2000046c    00000018   00000000    rw- .data
  20000484    20000484    00000004   00000000    rw- .bss


SECTION ALLOCATION MAP

 output                                  attributes/
section   page    origin      length       input sections
--------  ----  ----------  ----------   ----------------
.intvecs   0    00000000    0000026c     
                  00000000    0000026c     tm4c123gh6pm_startup_ccs.obj (.intvecs)

.text      0    0000026c    00000a8a     
                  0000026c    00000130     driverlib.lib : gpio.obj (.text:GPIOPadConfigSet)
                  0000039c    0000011c     main.obj (.text)
                  000004b8    0000010c     driverlib.lib : sysctl.obj (.text:SysCtlClockGet)
                  000005c4    000000f0                   : sysctl.obj (.text:SysCtlClockSet)
                  000006b4    0000009c     rtsv7M4_T_le_v4SPD16_eabi.lib : memcpy_t2.obj (.text)
                  00000750    0000007a                                   : memset_t2.obj (.text)
                  000007ca    00000002                                   : mpu_init.obj (.text)
                  000007cc    00000070                                   : autoinit.obj (.text)
                  0000083c    0000006a                                   : copy_decompress_rle.obj (.text)
                  000008a6    00000002                                   : startup.obj (.text)
                  000008a8    00000068     driverlib.lib : interrupt.obj (.text:IntEnable)
                  00000910    00000060                   : timer.obj (.text:TimerConfigure)
                  00000970    00000056                   : gpio.obj (.text:GPIOIntTypeSet)
                  000009c6    00000002     --HOLE-- [fill = 0]
                  000009c8    00000054     rtsv7M4_T_le_v4SPD16_eabi.lib : boot.obj (.text)
                  00000a1c    00000054                                   : exit.obj (.text)
                  00000a70    0000004c     driverlib.lib : timer.obj (.text:_TimerIntNumberGet)
                  00000abc    0000004c     rtsv7M4_T_le_v4SPD16_eabi.lib : cpy_tbl.obj (.text)
                  00000b08    00000040     driverlib.lib : gpio.obj (.text:_GPIOIntNumberGet)
                  00000b48    00000034                   : interrupt.obj (.text:IntRegister)
                  00000b7c    00000034                   : sysctl.obj (.text:SysCtlPeripheralEnable)
                  00000bb0    0000002a                   : gpio.obj (.text:GPIODirModeSet)
                  00000bda    00000018                   : gpio.obj (.text:GPIOIntRegister)
                  00000bf2    00000018                   : gpio.obj (.text:GPIOPinTypeGPIOOutput)
                  00000c0a    00000018                   : timer.obj (.text:TimerIntRegister)
                  00000c22    00000002     --HOLE-- [fill = 0]
                  00000c24    00000018     rtsv7M4_T_le_v4SPD16_eabi.lib : args_main.obj (.text)
                  00000c3c    00000014     driverlib.lib : timer.obj (.text:TimerDisable)
                  00000c50    00000014     rtsv7M4_T_le_v4SPD16_eabi.lib : _lock.obj (.text)
                  00000c64    00000012     driverlib.lib : gpio.obj (.text:GPIOPinTypeGPIOInput)
                  00000c76    00000012                   : timer.obj (.text:TimerLoadSet)
                  00000c88    00000010                   : interrupt.obj (.text:IntMasterEnable)
                  00000c98    0000000e                   : timer.obj (.text:TimerEnable)
                  00000ca6    0000000e     rtsv7M4_T_le_v4SPD16_eabi.lib : copy_decompress_none.obj (.text:decompress:none)
                  00000cb4    0000000c     driverlib.lib : cpu.obj (.text:CPUcpsie)
                  00000cc0    0000000c                   : gpio.obj (.text:GPIOIntEnable)
                  00000ccc    0000000c     tm4c123gh6pm_startup_ccs.obj (.text)
                  00000cd8    00000008     driverlib.lib : timer.obj (.text:TimerIntEnable)
                  00000ce0    00000006                   : gpio.obj (.text:GPIOIntClear)
                  00000ce6    00000006                   : sysctl.obj (.text:SysCtlDelay)
                  00000cec    00000006     rtsv7M4_T_le_v4SPD16_eabi.lib : copy_decompress_rle.obj (.text:decompress:rle24)
                  00000cf2    00000004                                   : pre_init.obj (.text)

.const     0    00000cf8    000002fc     
                  00000cf8    000000c0     driverlib.lib : gpio.obj (.const:g_ppui32GPIOIntMapBlizzard)
                  00000db8    000000c0                   : gpio.obj (.const:g_ppui32GPIOIntMapSnowflake)
                  00000e78    00000070                   : interrupt.obj (.const)
                  00000ee8    0000006c                   : sysctl.obj (.const:g_pui32Xtals)
                  00000f54    00000060                   : timer.obj (.const:g_ppui32TimerIntMap)
                  00000fb4    00000040                   : timer.obj (.const:g_ppui32TimerIntMapSnowflake)

.cinit     0    00000ff8    00000054     
                  00000ff8    00000016     (.cinit..data.load) [load image, compression = rle]
                  0000100e    00000002     --HOLE-- [fill = 0]
                  00001010    0000000b     (.cinit..vtable.load) [load image, compression = rle]
                  0000101b    00000005     --HOLE-- [fill = 0]
                  00001020    00000009     (.cinit..bss.load) [load image, compression = rle]
                  00001029    00000003     --HOLE-- [fill = 0]
                  0000102c    00000008     (__TI_handler_table)
                  00001034    00000018     (__TI_cinit_table)

.init_array 
*          0    00000000    00000000     UNINITIALIZED

.vtable    0    20000000    0000026c     UNINITIALIZED
                  20000000    0000026c     driverlib.lib : interrupt.obj (.vtable)

.stack     0    2000026c    00000200     UNINITIALIZED
                  2000026c    00000200     --HOLE--

.data      0    2000046c    00000018     UNINITIALIZED
                  2000046c    0000000c     rtsv7M4_T_le_v4SPD16_eabi.lib : exit.obj (.data:$O1$$)
                  20000478    00000008                                   : _lock.obj (.data:$O1$$)
                  20000480    00000004                                   : stkdepth_vars.obj (.data)

.bss       0    20000484    00000004     UNINITIALIZED
                  20000484    00000004     (.common:dem)

MODULE SUMMARY

       Module                         code   ro data   rw data
       ------                         ----   -------   -------
    .\
       tm4c123gh6pm_startup_ccs.obj   12     620       0      
       main.obj                       284    0         4      
    +--+------------------------------+------+---------+---------+
       Total:                         296    620       4      
                                                              
    C:\ti\ccsv6\tools\compiler\arm_15.12.2.LTS\lib\rtsv7M4_T_le_v4SPD16_eabi.lib
       memcpy_t2.obj                  156    0         0      
       memset_t2.obj                  122    0         0      
       autoinit.obj                   112    0         0      
       copy_decompress_rle.obj        112    0         0      
       exit.obj                       84     0         12     
       boot.obj                       84     0         0      
       cpy_tbl.obj                    76     0         0      
       _lock.obj                      20     0         8      
       args_main.obj                  24     0         0      
       copy_decompress_none.obj       14     0         0      
       pre_init.obj                   4      0         0      
       stkdepth_vars.obj              0      0         4      
       mpu_init.obj                   2      0         0      
       startup.obj                    2      0         0      
    +--+------------------------------+------+---------+---------+
       Total:                         812    0         24     
                                                              
    D:/ti/TivaWare_C_Series-2.1.1.71/driverlib/ccs/Debug/driverlib.lib
       gpio.obj                       580    384       0      
       interrupt.obj                  172    112       620    
       sysctl.obj                     566    108       0      
       timer.obj                      256    160       0      
       cpu.obj                        12     0         0      
    +--+------------------------------+------+---------+---------+
       Total:                         1586   764       620    
                                                              
       Stack:                         0      0         512    
       Linker Generated:              0      74        0      
    +--+------------------------------+------+---------+---------+
       Grand Total:                   2694   1458      1160   


LINKER GENERATED COPY TABLES

__TI_cinit_table @ 00001034 records: 3, size/record: 8, table size: 24
	.data: load addr=00000ff8, load size=00000016 bytes, run addr=2000046c, run size=00000018 bytes, compression=rle
	.vtable: load addr=00001010, load size=0000000b bytes, run addr=20000000, run size=0000026c bytes, compression=rle
	.bss: load addr=00001020, load size=00000009 bytes, run addr=20000484, run size=00000004 bytes, compression=rle


LINKER GENERATED HANDLER TABLE

__TI_handler_table @ 0000102c records: 2, size/record: 4, table size: 8
	index: 0, handler: __TI_decompress_rle24
	index: 1, handler: __TI_decompress_none


GLOBAL SYMBOLS: SORTED ALPHABETICALLY BY Name 

address   name                           
-------   ----                           
00000a1d  C$$EXIT                        
00000cb5  CPUcpsie                       
00000bb1  GPIODirModeSet                 
00000ce1  GPIOIntClear                   
00000cc1  GPIOIntEnable                  
00000bdb  GPIOIntRegister                
00000971  GPIOIntTypeSet                 
0000026d  GPIOPadConfigSet               
00000c65  GPIOPinTypeGPIOInput           
00000bf3  GPIOPinTypeGPIOOutput          
000008a9  IntEnable                      
00000c89  IntMasterEnable                
00000b49  IntRegister                    
00000477  PushButton                     
00000ccd  ResetISR                       
UNDEFED   SHT$$INIT_ARRAY$$Base          
UNDEFED   SHT$$INIT_ARRAY$$Limit         
000004b9  SysCtlClockGet                 
000005c5  SysCtlClockSet                 
00000ce7  SysCtlDelay                    
00000b7d  SysCtlPeripheralEnable         
00000911  TimerConfigure                 
00000c3d  TimerDisable                   
00000c99  TimerEnable                    
00000cd9  TimerIntEnable                 
00000c0b  TimerIntRegister               
00000c77  TimerLoadSet                   
0000044b  ToggleLed                      
2000046c  __STACK_END                    
00000200  __STACK_SIZE                   
2000046c  __STACK_TOP                    
00001034  __TI_CINIT_Base                
0000104c  __TI_CINIT_Limit               
0000102c  __TI_Handler_Table_Base        
00001034  __TI_Handler_Table_Limit       
000007cd  __TI_auto_init                 
2000046c  __TI_cleanup_ptr               
00000ca7  __TI_decompress_none           
00000ced  __TI_decompress_rle24          
20000470  __TI_dtors_ptr                 
20000474  __TI_enable_exit_profile_output
ffffffff  __TI_pprof_out_hndl            
ffffffff  __TI_prof_data_size            
ffffffff  __TI_prof_data_start           
00000000  __TI_static_base__             
00000751  __aeabi_memclr                 
00000751  __aeabi_memclr4                
00000751  __aeabi_memclr8                
000006b5  __aeabi_memcpy                 
000006b5  __aeabi_memcpy4                
000006b5  __aeabi_memcpy8                
00000753  __aeabi_memset                 
00000753  __aeabi_memset4                
00000753  __aeabi_memset8                
ffffffff  __binit__                      
ffffffff  __c_args__                     
000007cb  __mpu_init                     
2000026c  __stack                        
00000c25  _args_main                     
000009c9  _c_int00                       
20000478  _lock                          
00000c5f  _nop                           
00000c57  _register_lock                 
00000c51  _register_unlock               
000008a7  _system_post_cinit             
00000cf3  _system_pre_init               
2000047c  _unlock                        
00000a21  abort                          
ffffffff  binit                          
00000abd  copy_in                        
20000484  dem                            
00000a29  exit                           
20000000  g_pfnRAMVectors                
00000000  g_pfnVectors                   
0000039d  main                           
20000480  main_func_sp                   
000006b5  memcpy                         
00000759  memset                         


GLOBAL SYMBOLS: SORTED BY Symbol Address 

address   name                           
-------   ----                           
00000000  __TI_static_base__             
00000000  g_pfnVectors                   
00000200  __STACK_SIZE                   
0000026d  GPIOPadConfigSet               
0000039d  main                           
0000044b  ToggleLed                      
00000477  PushButton                     
000004b9  SysCtlClockGet                 
000005c5  SysCtlClockSet                 
000006b5  __aeabi_memcpy                 
000006b5  __aeabi_memcpy4                
000006b5  __aeabi_memcpy8                
000006b5  memcpy                         
00000751  __aeabi_memclr                 
00000751  __aeabi_memclr4                
00000751  __aeabi_memclr8                
00000753  __aeabi_memset                 
00000753  __aeabi_memset4                
00000753  __aeabi_memset8                
00000759  memset                         
000007cb  __mpu_init                     
000007cd  __TI_auto_init                 
000008a7  _system_post_cinit             
000008a9  IntEnable                      
00000911  TimerConfigure                 
00000971  GPIOIntTypeSet                 
000009c9  _c_int00                       
00000a1d  C$$EXIT                        
00000a21  abort                          
00000a29  exit                           
00000abd  copy_in                        
00000b49  IntRegister                    
00000b7d  SysCtlPeripheralEnable         
00000bb1  GPIODirModeSet                 
00000bdb  GPIOIntRegister                
00000bf3  GPIOPinTypeGPIOOutput          
00000c0b  TimerIntRegister               
00000c25  _args_main                     
00000c3d  TimerDisable                   
00000c51  _register_unlock               
00000c57  _register_lock                 
00000c5f  _nop                           
00000c65  GPIOPinTypeGPIOInput           
00000c77  TimerLoadSet                   
00000c89  IntMasterEnable                
00000c99  TimerEnable                    
00000ca7  __TI_decompress_none           
00000cb5  CPUcpsie                       
00000cc1  GPIOIntEnable                  
00000ccd  ResetISR                       
00000cd9  TimerIntEnable                 
00000ce1  GPIOIntClear                   
00000ce7  SysCtlDelay                    
00000ced  __TI_decompress_rle24          
00000cf3  _system_pre_init               
0000102c  __TI_Handler_Table_Base        
00001034  __TI_CINIT_Base                
00001034  __TI_Handler_Table_Limit       
0000104c  __TI_CINIT_Limit               
20000000  g_pfnRAMVectors                
2000026c  __stack                        
2000046c  __STACK_END                    
2000046c  __STACK_TOP                    
2000046c  __TI_cleanup_ptr               
20000470  __TI_dtors_ptr                 
20000474  __TI_enable_exit_profile_output
20000478  _lock                          
2000047c  _unlock                        
20000480  main_func_sp                   
20000484  dem                            
ffffffff  __TI_pprof_out_hndl            
ffffffff  __TI_prof_data_size            
ffffffff  __TI_prof_data_start           
ffffffff  __binit__                      
ffffffff  __c_args__                     
ffffffff  binit                          
UNDEFED   SHT$$INIT_ARRAY$$Base          
UNDEFED   SHT$$INIT_ARRAY$$Limit         

[78 symbols]
