******************************************************************************
                  TI ARM Linker PC v15.12.3                    
******************************************************************************
>> Linked Fri Jul 15 15:27:38 2016

OUTPUT FILE NAME:   <TivaC_4_SYSTICK.out>
ENTRY POINT SYMBOL: "_c_int00"  address: 00000755


MEMORY CONFIGURATION

         name            origin    length      used     unused   attr    fill
----------------------  --------  ---------  --------  --------  ----  --------
  FLASH                 00000000   00040000  00000a6c  0003f594  R  X
  SRAM                  20000000   00008000  00000488  00007b78  RW X


SEGMENT ALLOCATION MAP

run origin  load origin   length   init length attrs members
----------  ----------- ---------- ----------- ----- -------
00000000    00000000    00000a6c   00000a6c    r-x
  00000000    00000000    0000026c   0000026c    r-- .intvecs
  0000026c    0000026c    00000754   00000754    r-x .text
  000009c0    000009c0    00000070   00000070    r-- .const
  00000a30    00000a30    0000003c   0000003c    r-- .cinit
20000000    20000000    00000488   00000000    rw-
  20000000    20000000    0000026c   00000000    rw- .vtable
  2000026c    2000026c    00000200   00000000    rw- .stack
  2000046c    2000046c    0000001c   00000000    rw- .data


SECTION ALLOCATION MAP

 output                                  attributes/
section   page    origin      length       input sections
--------  ----  ----------  ----------   ----------------
.intvecs   0    00000000    0000026c     
                  00000000    0000026c     tm4c123gh6pm_startup_ccs.obj (.intvecs)

.text      0    0000026c    00000754     
                  0000026c    00000130     driverlib.lib : gpio.obj (.text:GPIOPadConfigSet)
                  0000039c    000000f0                   : sysctl.obj (.text:SysCtlClockSet)
                  0000048c    0000009c     rtsv7M4_T_le_v4SPD16_eabi.lib : memcpy_t2.obj (.text)
                  00000528    0000007a                                   : memset_t2.obj (.text)
                  000005a2    00000002                                   : mpu_init.obj (.text)
                  000005a4    00000070                                   : autoinit.obj (.text)
                  00000614    0000006c     main.obj (.text)
                  00000680    0000006a     rtsv7M4_T_le_v4SPD16_eabi.lib : copy_decompress_rle.obj (.text)
                  000006ea    00000002                                   : startup.obj (.text)
                  000006ec    00000068     driverlib.lib : interrupt.obj (.text:IntEnable)
                  00000754    00000054     rtsv7M4_T_le_v4SPD16_eabi.lib : boot.obj (.text)
                  000007a8    00000054                                   : exit.obj (.text)
                  000007fc    0000004c                                   : cpy_tbl.obj (.text)
                  00000848    00000034     driverlib.lib : interrupt.obj (.text:IntRegister)
                  0000087c    00000034                   : sysctl.obj (.text:SysCtlPeripheralEnable)
                  000008b0    0000002a                   : gpio.obj (.text:GPIODirModeSet)
                  000008da    00000002     --HOLE-- [fill = 0]
                  000008dc    0000001c                   : systick.obj (.text:SysTickIntRegister)
                  000008f8    00000018                   : gpio.obj (.text:GPIOPinTypeGPIOOutput)
                  00000910    00000018     rtsv7M4_T_le_v4SPD16_eabi.lib : args_main.obj (.text)
                  00000928    00000014     driverlib.lib : systick.obj (.text:SysTickEnable)
                  0000093c    00000014                   : systick.obj (.text:SysTickIntEnable)
                  00000950    00000014     rtsv7M4_T_le_v4SPD16_eabi.lib : _lock.obj (.text)
                  00000964    00000010     driverlib.lib : interrupt.obj (.text:IntMasterEnable)
                  00000974    00000010                   : systick.obj (.text:SysTickPeriodSet)
                  00000984    0000000e     rtsv7M4_T_le_v4SPD16_eabi.lib : copy_decompress_none.obj (.text:decompress:none)
                  00000992    0000000c     driverlib.lib : cpu.obj (.text:CPUcpsie)
                  0000099e    0000000c     tm4c123gh6pm_startup_ccs.obj (.text)
                  000009aa    00000006     driverlib.lib : gpio.obj (.text:GPIOPinWrite)
                  000009b0    00000006                   : sysctl.obj (.text:SysCtlDelay)
                  000009b6    00000006     rtsv7M4_T_le_v4SPD16_eabi.lib : copy_decompress_rle.obj (.text:decompress:rle24)
                  000009bc    00000004                                   : pre_init.obj (.text)

.const     0    000009c0    00000070     
                  000009c0    00000070     driverlib.lib : interrupt.obj (.const)

.cinit     0    00000a30    0000003c     
                  00000a30    00000016     (.cinit..data.load) [load image, compression = rle]
                  00000a46    00000002     --HOLE-- [fill = 0]
                  00000a48    0000000b     (.cinit..vtable.load) [load image, compression = rle]
                  00000a53    00000001     --HOLE-- [fill = 0]
                  00000a54    00000008     (__TI_handler_table)
                  00000a5c    00000010     (__TI_cinit_table)

.init_array 
*          0    00000000    00000000     UNINITIALIZED

.vtable    0    20000000    0000026c     UNINITIALIZED
                  20000000    0000026c     driverlib.lib : interrupt.obj (.vtable)

.stack     0    2000026c    00000200     UNINITIALIZED
                  2000026c    00000200     --HOLE--

.data      0    2000046c    0000001c     UNINITIALIZED
                  2000046c    0000000c     rtsv7M4_T_le_v4SPD16_eabi.lib : exit.obj (.data:$O1$$)
                  20000478    00000008                                   : _lock.obj (.data:$O1$$)
                  20000480    00000004     main.obj (.data)
                  20000484    00000004     rtsv7M4_T_le_v4SPD16_eabi.lib : stkdepth_vars.obj (.data)

MODULE SUMMARY

       Module                         code   ro data   rw data
       ------                         ----   -------   -------
    .\
       tm4c123gh6pm_startup_ccs.obj   12     620       0      
       main.obj                       108    0         4      
    +--+------------------------------+------+---------+---------+
       Total:                         120    620       4      
                                                              
    C:\ti\ccsv6\tools\compiler\arm_15.12.3.LTS\lib\rtsv7M4_T_le_v4SPD16_eabi.lib
       memcpy_t2.obj                  156    0         0      
       memset_t2.obj                  122    0         0      
       autoinit.obj                   112    0         0      
       copy_decompress_rle.obj        112    0         0      
       exit.obj                       84     0         12     
       boot.obj                       84     0         0      
       cpy_tbl.obj                    76     0         0      
       _lock.obj                      20     0         8      
       args_main.obj                  24     0         0      
       copy_decompress_none.obj       14     0         0      
       pre_init.obj                   4      0         0      
       stkdepth_vars.obj              0      0         4      
       mpu_init.obj                   2      0         0      
       startup.obj                    2      0         0      
    +--+------------------------------+------+---------+---------+
       Total:                         812    0         24     
                                                              
    D:/ti/TivaWare_C_Series-2.1.1.71/driverlib/ccs/Debug/driverlib.lib
       interrupt.obj                  172    112       620    
       gpio.obj                       376    0         0      
       sysctl.obj                     298    0         0      
       systick.obj                    84     0         0      
       cpu.obj                        12     0         0      
    +--+------------------------------+------+---------+---------+
       Total:                         942    112       620    
                                                              
       Stack:                         0      0         512    
       Linker Generated:              0      57        0      
    +--+------------------------------+------+---------+---------+
       Grand Total:                   1874   789       1160   


LINKER GENERATED COPY TABLES

__TI_cinit_table @ 00000a5c records: 2, size/record: 8, table size: 16
	.data: load addr=00000a30, load size=00000016 bytes, run addr=2000046c, run size=0000001c bytes, compression=rle
	.vtable: load addr=00000a48, load size=0000000b bytes, run addr=20000000, run size=0000026c bytes, compression=rle


LINKER GENERATED HANDLER TABLE

__TI_handler_table @ 00000a54 records: 2, size/record: 4, table size: 8
	index: 0, handler: __TI_decompress_rle24
	index: 1, handler: __TI_decompress_none


GLOBAL SYMBOLS: SORTED ALPHABETICALLY BY Name 

address   name                           
-------   ----                           
000007a9  C$$EXIT                        
00000993  CPUcpsie                       
000008b1  GPIODirModeSet                 
0000026d  GPIOPadConfigSet               
000008f9  GPIOPinTypeGPIOOutput          
000009ab  GPIOPinWrite                   
000006ed  IntEnable                      
00000965  IntMasterEnable                
00000849  IntRegister                    
0000099f  ResetISR                       
UNDEFED   SHT$$INIT_ARRAY$$Base          
UNDEFED   SHT$$INIT_ARRAY$$Limit         
0000039d  SysCtlClockSet                 
000009b1  SysCtlDelay                    
0000087d  SysCtlPeripheralEnable         
00000929  SysTickEnable                  
0000093d  SysTickIntEnable               
000008dd  SysTickIntRegister             
00000975  SysTickPeriodSet               
0000064d  ToggleLed                      
2000046c  __STACK_END                    
00000200  __STACK_SIZE                   
2000046c  __STACK_TOP                    
00000a5c  __TI_CINIT_Base                
00000a6c  __TI_CINIT_Limit               
00000a54  __TI_Handler_Table_Base        
00000a5c  __TI_Handler_Table_Limit       
000005a5  __TI_auto_init                 
2000046c  __TI_cleanup_ptr               
00000985  __TI_decompress_none           
000009b7  __TI_decompress_rle24          
20000470  __TI_dtors_ptr                 
20000474  __TI_enable_exit_profile_output
ffffffff  __TI_pprof_out_hndl            
ffffffff  __TI_prof_data_size            
ffffffff  __TI_prof_data_start           
00000000  __TI_static_base__             
00000529  __aeabi_memclr                 
00000529  __aeabi_memclr4                
00000529  __aeabi_memclr8                
0000048d  __aeabi_memcpy                 
0000048d  __aeabi_memcpy4                
0000048d  __aeabi_memcpy8                
0000052b  __aeabi_memset                 
0000052b  __aeabi_memset4                
0000052b  __aeabi_memset8                
ffffffff  __binit__                      
ffffffff  __c_args__                     
000005a3  __mpu_init                     
2000026c  __stack                        
00000911  _args_main                     
00000755  _c_int00                       
20000478  _lock                          
0000095f  _nop                           
00000957  _register_lock                 
00000951  _register_unlock               
000006eb  _system_post_cinit             
000009bd  _system_pre_init               
2000047c  _unlock                        
000007ad  abort                          
ffffffff  binit                          
000007fd  copy_in                        
000007b5  exit                           
20000000  g_pfnRAMVectors                
00000000  g_pfnVectors                   
20000480  led                            
00000615  main                           
20000484  main_func_sp                   
0000048d  memcpy                         
00000531  memset                         


GLOBAL SYMBOLS: SORTED BY Symbol Address 

address   name                           
-------   ----                           
00000000  __TI_static_base__             
00000000  g_pfnVectors                   
00000200  __STACK_SIZE                   
0000026d  GPIOPadConfigSet               
0000039d  SysCtlClockSet                 
0000048d  __aeabi_memcpy                 
0000048d  __aeabi_memcpy4                
0000048d  __aeabi_memcpy8                
0000048d  memcpy                         
00000529  __aeabi_memclr                 
00000529  __aeabi_memclr4                
00000529  __aeabi_memclr8                
0000052b  __aeabi_memset                 
0000052b  __aeabi_memset4                
0000052b  __aeabi_memset8                
00000531  memset                         
000005a3  __mpu_init                     
000005a5  __TI_auto_init                 
00000615  main                           
0000064d  ToggleLed                      
000006eb  _system_post_cinit             
000006ed  IntEnable                      
00000755  _c_int00                       
000007a9  C$$EXIT                        
000007ad  abort                          
000007b5  exit                           
000007fd  copy_in                        
00000849  IntRegister                    
0000087d  SysCtlPeripheralEnable         
000008b1  GPIODirModeSet                 
000008dd  SysTickIntRegister             
000008f9  GPIOPinTypeGPIOOutput          
00000911  _args_main                     
00000929  SysTickEnable                  
0000093d  SysTickIntEnable               
00000951  _register_unlock               
00000957  _register_lock                 
0000095f  _nop                           
00000965  IntMasterEnable                
00000975  SysTickPeriodSet               
00000985  __TI_decompress_none           
00000993  CPUcpsie                       
0000099f  ResetISR                       
000009ab  GPIOPinWrite                   
000009b1  SysCtlDelay                    
000009b7  __TI_decompress_rle24          
000009bd  _system_pre_init               
00000a54  __TI_Handler_Table_Base        
00000a5c  __TI_CINIT_Base                
00000a5c  __TI_Handler_Table_Limit       
00000a6c  __TI_CINIT_Limit               
20000000  g_pfnRAMVectors                
2000026c  __stack                        
2000046c  __STACK_END                    
2000046c  __STACK_TOP                    
2000046c  __TI_cleanup_ptr               
20000470  __TI_dtors_ptr                 
20000474  __TI_enable_exit_profile_output
20000478  _lock                          
2000047c  _unlock                        
20000480  led                            
20000484  main_func_sp                   
ffffffff  __TI_pprof_out_hndl            
ffffffff  __TI_prof_data_size            
ffffffff  __TI_prof_data_start           
ffffffff  __binit__                      
ffffffff  __c_args__                     
ffffffff  binit                          
UNDEFED   SHT$$INIT_ARRAY$$Base          
UNDEFED   SHT$$INIT_ARRAY$$Limit         

[70 symbols]
