******************************************************************************
                  TI ARM Linker PC v15.12.2                    
******************************************************************************
>> Linked Sun Jun 26 16:42:35 2016

OUTPUT FILE NAME:   <TivaC_Interrupt.out>
ENTRY POINT SYMBOL: "_c_int00"  address: 00000929


MEMORY CONFIGURATION

         name            origin    length      used     unused   attr    fill
----------------------  --------  ---------  --------  --------  ----  --------
  FLASH                 00000000   00040000  00000e6c  0003f194  R  X
  SRAM                  20000000   00008000  0000048c  00007b74  RW X


SEGMENT ALLOCATION MAP

run origin  load origin   length   init length attrs members
----------  ----------- ---------- ----------- ----- -------
00000000    00000000    00000e6c   00000e6c    r-x
  00000000    00000000    0000026c   0000026c    r-- .intvecs
  0000026c    0000026c    00000950   00000950    r-x .text
  00000bbc    00000bbc    0000025c   0000025c    r-- .const
  00000e18    00000e18    00000054   00000054    r-- .cinit
20000000    20000000    0000048c   00000000    rw-
  20000000    20000000    0000026c   00000000    rw- .vtable
  2000026c    2000026c    00000200   00000000    rw- .stack
  2000046c    2000046c    00000018   00000000    rw- .data
  20000484    20000484    00000008   00000000    rw- .bss


SECTION ALLOCATION MAP

 output                                  attributes/
section   page    origin      length       input sections
--------  ----  ----------  ----------   ----------------
.intvecs   0    00000000    0000026c     
                  00000000    0000026c     tm4c123gh6pm_startup_ccs.obj (.intvecs)

.text      0    0000026c    00000950     
                  0000026c    00000130     driverlib.lib : gpio.obj (.text:GPIOPadConfigSet)
                  0000039c    0000010c                   : sysctl.obj (.text:SysCtlClockGet)
                  000004a8    000000f0                   : sysctl.obj (.text:SysCtlClockSet)
                  00000598    000000dc     main.obj (.text)
                  00000674    0000009c     rtsv7M4_T_le_v4SPD16_eabi.lib : memcpy_t2.obj (.text)
                  00000710    0000007a                                   : memset_t2.obj (.text)
                  0000078a    00000002                                   : mpu_init.obj (.text)
                  0000078c    00000070                                   : autoinit.obj (.text)
                  000007fc    0000006a                                   : copy_decompress_rle.obj (.text)
                  00000866    00000002                                   : startup.obj (.text)
                  00000868    00000068     driverlib.lib : interrupt.obj (.text:IntEnable)
                  000008d0    00000056                   : gpio.obj (.text:GPIOIntTypeSet)
                  00000926    00000002     --HOLE-- [fill = 0]
                  00000928    00000054     rtsv7M4_T_le_v4SPD16_eabi.lib : boot.obj (.text)
                  0000097c    00000054                                   : exit.obj (.text)
                  000009d0    0000004c                                   : cpy_tbl.obj (.text)
                  00000a1c    00000040     driverlib.lib : gpio.obj (.text:_GPIOIntNumberGet)
                  00000a5c    00000034                   : interrupt.obj (.text:IntRegister)
                  00000a90    00000034                   : sysctl.obj (.text:SysCtlPeripheralEnable)
                  00000ac4    0000002a                   : gpio.obj (.text:GPIODirModeSet)
                  00000aee    00000018                   : gpio.obj (.text:GPIOIntRegister)
                  00000b06    00000018                   : gpio.obj (.text:GPIOPinTypeGPIOOutput)
                  00000b1e    00000002     --HOLE-- [fill = 0]
                  00000b20    00000018     rtsv7M4_T_le_v4SPD16_eabi.lib : args_main.obj (.text)
                  00000b38    00000014                                   : _lock.obj (.text)
                  00000b4c    00000012     driverlib.lib : gpio.obj (.text:GPIOPinTypeGPIOInput)
                  00000b5e    00000010                   : interrupt.obj (.text:IntMasterEnable)
                  00000b6e    0000000e     rtsv7M4_T_le_v4SPD16_eabi.lib : copy_decompress_none.obj (.text:decompress:none)
                  00000b7c    0000000c     driverlib.lib : cpu.obj (.text:CPUcpsie)
                  00000b88    0000000c                   : gpio.obj (.text:GPIOIntEnable)
                  00000b94    0000000c     tm4c123gh6pm_startup_ccs.obj (.text)
                  00000ba0    00000006     driverlib.lib : gpio.obj (.text:GPIOIntClear)
                  00000ba6    00000006                   : gpio.obj (.text:GPIOPinWrite)
                  00000bac    00000006                   : sysctl.obj (.text:SysCtlDelay)
                  00000bb2    00000006     rtsv7M4_T_le_v4SPD16_eabi.lib : copy_decompress_rle.obj (.text:decompress:rle24)
                  00000bb8    00000004                                   : pre_init.obj (.text)

.const     0    00000bbc    0000025c     
                  00000bbc    000000c0     driverlib.lib : gpio.obj (.const:g_ppui32GPIOIntMapBlizzard)
                  00000c7c    000000c0                   : gpio.obj (.const:g_ppui32GPIOIntMapSnowflake)
                  00000d3c    00000070                   : interrupt.obj (.const)
                  00000dac    0000006c                   : sysctl.obj (.const:g_pui32Xtals)

.cinit     0    00000e18    00000054     
                  00000e18    00000016     (.cinit..data.load) [load image, compression = rle]
                  00000e2e    00000002     --HOLE-- [fill = 0]
                  00000e30    0000000b     (.cinit..vtable.load) [load image, compression = rle]
                  00000e3b    00000005     --HOLE-- [fill = 0]
                  00000e40    00000009     (.cinit..bss.load) [load image, compression = rle]
                  00000e49    00000003     --HOLE-- [fill = 0]
                  00000e4c    00000008     (__TI_handler_table)
                  00000e54    00000018     (__TI_cinit_table)

.init_array 
*          0    00000000    00000000     UNINITIALIZED

.vtable    0    20000000    0000026c     UNINITIALIZED
                  20000000    0000026c     driverlib.lib : interrupt.obj (.vtable)

.stack     0    2000026c    00000200     UNINITIALIZED
                  2000026c    00000200     --HOLE--

.data      0    2000046c    00000018     UNINITIALIZED
                  2000046c    0000000c     rtsv7M4_T_le_v4SPD16_eabi.lib : exit.obj (.data:$O1$$)
                  20000478    00000008                                   : _lock.obj (.data:$O1$$)
                  20000480    00000004                                   : stkdepth_vars.obj (.data)

.bss       0    20000484    00000008     UNINITIALIZED
                  20000484    00000004     (.common:dem)
                  20000488    00000004     (.common:led)

MODULE SUMMARY

       Module                         code   ro data   rw data
       ------                         ----   -------   -------
    .\
       tm4c123gh6pm_startup_ccs.obj   12     620       0      
       main.obj                       220    0         8      
    +--+------------------------------+------+---------+---------+
       Total:                         232    620       8      
                                                              
    C:\ti\ccsv6\tools\compiler\arm_15.12.2.LTS\lib\rtsv7M4_T_le_v4SPD16_eabi.lib
       memcpy_t2.obj                  156    0         0      
       memset_t2.obj                  122    0         0      
       autoinit.obj                   112    0         0      
       copy_decompress_rle.obj        112    0         0      
       exit.obj                       84     0         12     
       boot.obj                       84     0         0      
       cpy_tbl.obj                    76     0         0      
       _lock.obj                      20     0         8      
       args_main.obj                  24     0         0      
       copy_decompress_none.obj       14     0         0      
       pre_init.obj                   4      0         0      
       stkdepth_vars.obj              0      0         4      
       mpu_init.obj                   2      0         0      
       startup.obj                    2      0         0      
    +--+------------------------------+------+---------+---------+
       Total:                         812    0         24     
                                                              
    D:/ti/TivaWare_C_Series-2.1.1.71/driverlib/ccs/Debug/driverlib.lib
       gpio.obj                       586    384       0      
       interrupt.obj                  172    112       620    
       sysctl.obj                     566    108       0      
       cpu.obj                        12     0         0      
    +--+------------------------------+------+---------+---------+
       Total:                         1336   604       620    
                                                              
       Stack:                         0      0         512    
       Linker Generated:              0      74        0      
    +--+------------------------------+------+---------+---------+
       Grand Total:                   2380   1298      1164   


LINKER GENERATED COPY TABLES

__TI_cinit_table @ 00000e54 records: 3, size/record: 8, table size: 24
	.data: load addr=00000e18, load size=00000016 bytes, run addr=2000046c, run size=00000018 bytes, compression=rle
	.vtable: load addr=00000e30, load size=0000000b bytes, run addr=20000000, run size=0000026c bytes, compression=rle
	.bss: load addr=00000e40, load size=00000009 bytes, run addr=20000484, run size=00000008 bytes, compression=rle


LINKER GENERATED HANDLER TABLE

__TI_handler_table @ 00000e4c records: 2, size/record: 4, table size: 8
	index: 0, handler: __TI_decompress_rle24
	index: 1, handler: __TI_decompress_none


GLOBAL SYMBOLS: SORTED ALPHABETICALLY BY Name 

address   name                           
-------   ----                           
0000097d  C$$EXIT                        
00000b7d  CPUcpsie                       
00000ac5  GPIODirModeSet                 
00000ba1  GPIOIntClear                   
00000b89  GPIOIntEnable                  
00000aef  GPIOIntRegister                
000008d1  GPIOIntTypeSet                 
0000026d  GPIOPadConfigSet               
00000b4d  GPIOPinTypeGPIOInput           
00000b07  GPIOPinTypeGPIOOutput          
00000ba7  GPIOPinWrite                   
00000869  IntEnable                      
00000b5f  IntMasterEnable                
00000a5d  IntRegister                    
00000615  PushButton                     
00000b95  ResetISR                       
UNDEFED   SHT$$INIT_ARRAY$$Base          
UNDEFED   SHT$$INIT_ARRAY$$Limit         
0000039d  SysCtlClockGet                 
000004a9  SysCtlClockSet                 
00000bad  SysCtlDelay                    
00000a91  SysCtlPeripheralEnable         
2000046c  __STACK_END                    
00000200  __STACK_SIZE                   
2000046c  __STACK_TOP                    
00000e54  __TI_CINIT_Base                
00000e6c  __TI_CINIT_Limit               
00000e4c  __TI_Handler_Table_Base        
00000e54  __TI_Handler_Table_Limit       
0000078d  __TI_auto_init                 
2000046c  __TI_cleanup_ptr               
00000b6f  __TI_decompress_none           
00000bb3  __TI_decompress_rle24          
20000470  __TI_dtors_ptr                 
20000474  __TI_enable_exit_profile_output
ffffffff  __TI_pprof_out_hndl            
ffffffff  __TI_prof_data_size            
ffffffff  __TI_prof_data_start           
00000000  __TI_static_base__             
00000711  __aeabi_memclr                 
00000711  __aeabi_memclr4                
00000711  __aeabi_memclr8                
00000675  __aeabi_memcpy                 
00000675  __aeabi_memcpy4                
00000675  __aeabi_memcpy8                
00000713  __aeabi_memset                 
00000713  __aeabi_memset4                
00000713  __aeabi_memset8                
ffffffff  __binit__                      
ffffffff  __c_args__                     
0000078b  __mpu_init                     
2000026c  __stack                        
00000b21  _args_main                     
00000929  _c_int00                       
20000478  _lock                          
00000b47  _nop                           
00000b3f  _register_lock                 
00000b39  _register_unlock               
00000867  _system_post_cinit             
00000bb9  _system_pre_init               
2000047c  _unlock                        
00000981  abort                          
ffffffff  binit                          
000009d1  copy_in                        
20000484  dem                            
00000989  exit                           
20000000  g_pfnRAMVectors                
00000000  g_pfnVectors                   
20000488  led                            
00000599  main                           
20000480  main_func_sp                   
00000675  memcpy                         
00000719  memset                         


GLOBAL SYMBOLS: SORTED BY Symbol Address 

address   name                           
-------   ----                           
00000000  __TI_static_base__             
00000000  g_pfnVectors                   
00000200  __STACK_SIZE                   
0000026d  GPIOPadConfigSet               
0000039d  SysCtlClockGet                 
000004a9  SysCtlClockSet                 
00000599  main                           
00000615  PushButton                     
00000675  __aeabi_memcpy                 
00000675  __aeabi_memcpy4                
00000675  __aeabi_memcpy8                
00000675  memcpy                         
00000711  __aeabi_memclr                 
00000711  __aeabi_memclr4                
00000711  __aeabi_memclr8                
00000713  __aeabi_memset                 
00000713  __aeabi_memset4                
00000713  __aeabi_memset8                
00000719  memset                         
0000078b  __mpu_init                     
0000078d  __TI_auto_init                 
00000867  _system_post_cinit             
00000869  IntEnable                      
000008d1  GPIOIntTypeSet                 
00000929  _c_int00                       
0000097d  C$$EXIT                        
00000981  abort                          
00000989  exit                           
000009d1  copy_in                        
00000a5d  IntRegister                    
00000a91  SysCtlPeripheralEnable         
00000ac5  GPIODirModeSet                 
00000aef  GPIOIntRegister                
00000b07  GPIOPinTypeGPIOOutput          
00000b21  _args_main                     
00000b39  _register_unlock               
00000b3f  _register_lock                 
00000b47  _nop                           
00000b4d  GPIOPinTypeGPIOInput           
00000b5f  IntMasterEnable                
00000b6f  __TI_decompress_none           
00000b7d  CPUcpsie                       
00000b89  GPIOIntEnable                  
00000b95  ResetISR                       
00000ba1  GPIOIntClear                   
00000ba7  GPIOPinWrite                   
00000bad  SysCtlDelay                    
00000bb3  __TI_decompress_rle24          
00000bb9  _system_pre_init               
00000e4c  __TI_Handler_Table_Base        
00000e54  __TI_CINIT_Base                
00000e54  __TI_Handler_Table_Limit       
00000e6c  __TI_CINIT_Limit               
20000000  g_pfnRAMVectors                
2000026c  __stack                        
2000046c  __STACK_END                    
2000046c  __STACK_TOP                    
2000046c  __TI_cleanup_ptr               
20000470  __TI_dtors_ptr                 
20000474  __TI_enable_exit_profile_output
20000478  _lock                          
2000047c  _unlock                        
20000480  main_func_sp                   
20000484  dem                            
20000488  led                            
ffffffff  __TI_pprof_out_hndl            
ffffffff  __TI_prof_data_size            
ffffffff  __TI_prof_data_start           
ffffffff  __binit__                      
ffffffff  __c_args__                     
ffffffff  binit                          
UNDEFED   SHT$$INIT_ARRAY$$Base          
UNDEFED   SHT$$INIT_ARRAY$$Limit         

[73 symbols]
