******************************************************************************
                  TI ARM Linker PC v15.12.3                    
******************************************************************************
>> Linked Fri Aug 05 12:33:12 2016

OUTPUT FILE NAME:   <TivaC_4_PWM.out>
ENTRY POINT SYMBOL: "_c_int00"  address: 00000995


MEMORY CONFIGURATION

         name            origin    length      used     unused   attr    fill
----------------------  --------  ---------  --------  --------  ----  --------
  FLASH                 00000000   00040000  00000f6e  0003f092  R  X
  SRAM                  20000000   00008000  0000048c  00007b74  RW X


SEGMENT ALLOCATION MAP

run origin  load origin   length   init length attrs members
----------  ----------- ---------- ----------- ----- -------
00000000    00000000    00000f74   00000f74    r-x
  00000000    00000000    0000026c   0000026c    r-- .intvecs
  0000026c    0000026c    00000a9a   00000a9a    r-x .text
  00000d08    00000d08    0000020c   0000020c    r-- .const
  00000f18    00000f18    0000005c   0000005c    r-- .cinit
20000000    20000000    0000048c   00000000    rw-
  20000000    20000000    0000026c   00000000    rw- .vtable
  2000026c    2000026c    00000200   00000000    rw- .stack
  2000046c    2000046c    0000001c   00000000    rw- .data
  20000488    20000488    00000004   00000000    rw- .bss


SECTION ALLOCATION MAP

 output                                  attributes/
section   page    origin      length       input sections
--------  ----  ----------  ----------   ----------------
.intvecs   0    00000000    0000026c     
                  00000000    0000026c     tm4c123gh6pm_startup_ccs.obj (.intvecs)

.text      0    0000026c    00000a9a     
                  0000026c    00000140     main.obj (.text)
                  000003ac    00000130     driverlib.lib : gpio.obj (.text:GPIOPadConfigSet)
                  000004dc    0000010c                   : sysctl.obj (.text:SysCtlClockGet)
                  000005e8    000000f0                   : sysctl.obj (.text:SysCtlClockSet)
                  000006d8    0000009c     rtsv7M4_T_le_v4SPD16_eabi.lib : memcpy_t2.obj (.text)
                  00000774    0000007a                                   : memset_t2.obj (.text)
                  000007ee    00000002                                   : mpu_init.obj (.text)
                  000007f0    00000070                                   : autoinit.obj (.text)
                  00000860    0000006a                                   : copy_decompress_rle.obj (.text)
                  000008ca    00000002                                   : startup.obj (.text)
                  000008cc    00000068     driverlib.lib : interrupt.obj (.text:IntEnable)
                  00000934    00000060                   : timer.obj (.text:TimerConfigure)
                  00000994    00000054     rtsv7M4_T_le_v4SPD16_eabi.lib : boot.obj (.text)
                  000009e8    00000054                                   : exit.obj (.text)
                  00000a3c    0000004c     driverlib.lib : timer.obj (.text:_TimerIntNumberGet)
                  00000a88    0000004c     rtsv7M4_T_le_v4SPD16_eabi.lib : cpy_tbl.obj (.text)
                  00000ad4    00000048     driverlib.lib : gpio.obj (.text:GPIOPinConfigure)
                  00000b1c    00000034                   : interrupt.obj (.text:IntRegister)
                  00000b50    00000034                   : sysctl.obj (.text:SysCtlPeripheralEnable)
                  00000b84    0000002a                   : gpio.obj (.text:GPIODirModeSet)
                  00000bae    00000022                   : pwm.obj (.text:PWMGenConfigure)
                  00000bd0    0000001e                   : pwm.obj (.text:PWMPulseWidthSet)
                  00000bee    00000018                   : timer.obj (.text:TimerIntRegister)
                  00000c06    00000002     --HOLE-- [fill = 0]
                  00000c08    00000018     rtsv7M4_T_le_v4SPD16_eabi.lib : args_main.obj (.text)
                  00000c20    00000014     driverlib.lib : sysctl.obj (.text:SysCtlPWMClockSet)
                  00000c34    00000014     rtsv7M4_T_le_v4SPD16_eabi.lib : _lock.obj (.text)
                  00000c48    00000012     driverlib.lib : gpio.obj (.text:GPIOPinTypePWM)
                  00000c5a    00000012                   : pwm.obj (.text:PWMOutputState)
                  00000c6c    00000012                   : timer.obj (.text:TimerLoadSet)
                  00000c7e    00000010                   : interrupt.obj (.text:IntMasterEnable)
                  00000c8e    00000010                   : pwm.obj (.text:PWMGenPeriodSet)
                  00000c9e    0000000e                   : timer.obj (.text:TimerEnable)
                  00000cac    0000000e     rtsv7M4_T_le_v4SPD16_eabi.lib : copy_decompress_none.obj (.text:decompress:none)
                  00000cba    0000000c     driverlib.lib : cpu.obj (.text:CPUcpsie)
                  00000cc6    0000000c                   : pwm.obj (.text:PWMGenDisable)
                  00000cd2    0000000c                   : pwm.obj (.text:PWMGenEnable)
                  00000cde    0000000c     tm4c123gh6pm_startup_ccs.obj (.text)
                  00000cea    00000008     driverlib.lib : timer.obj (.text:TimerIntEnable)
                  00000cf2    00000006                   : sysctl.obj (.text:SysCtlDelay)
                  00000cf8    00000006     rtsv7M4_T_le_v4SPD16_eabi.lib : copy_decompress_rle.obj (.text:decompress:rle24)
                  00000cfe    00000004     driverlib.lib : timer.obj (.text:TimerIntClear)
                  00000d02    00000004     rtsv7M4_T_le_v4SPD16_eabi.lib : pre_init.obj (.text)

.const     0    00000d08    0000020c     
                  00000d08    00000090     driverlib.lib : gpio.obj (.const:g_pui32GPIOBaseAddrs)
                  00000d98    00000070                   : interrupt.obj (.const)
                  00000e08    0000006c                   : sysctl.obj (.const:g_pui32Xtals)
                  00000e74    00000060                   : timer.obj (.const:g_ppui32TimerIntMap)
                  00000ed4    00000040                   : timer.obj (.const:g_ppui32TimerIntMapSnowflake)

.cinit     0    00000f18    0000005c     
                  00000f18    00000019     (.cinit..data.load) [load image, compression = rle]
                  00000f31    00000007     --HOLE-- [fill = 0]
                  00000f38    0000000b     (.cinit..vtable.load) [load image, compression = rle]
                  00000f43    00000005     --HOLE-- [fill = 0]
                  00000f48    00000009     (.cinit..bss.load) [load image, compression = rle]
                  00000f51    00000003     --HOLE-- [fill = 0]
                  00000f54    00000008     (__TI_handler_table)
                  00000f5c    00000018     (__TI_cinit_table)

.init_array 
*          0    00000000    00000000     UNINITIALIZED

.vtable    0    20000000    0000026c     UNINITIALIZED
                  20000000    0000026c     driverlib.lib : interrupt.obj (.vtable)

.stack     0    2000026c    00000200     UNINITIALIZED
                  2000026c    00000200     --HOLE--

.data      0    2000046c    0000001c     UNINITIALIZED
                  2000046c    0000000c     rtsv7M4_T_le_v4SPD16_eabi.lib : exit.obj (.data:$O1$$)
                  20000478    00000008                                   : _lock.obj (.data:$O1$$)
                  20000480    00000004     main.obj (.data)
                  20000484    00000004     rtsv7M4_T_le_v4SPD16_eabi.lib : stkdepth_vars.obj (.data)

.bss       0    20000488    00000004     UNINITIALIZED
                  20000488    00000004     (.common:ulPeriod)

MODULE SUMMARY

       Module                         code   ro data   rw data
       ------                         ----   -------   -------
    .\
       tm4c123gh6pm_startup_ccs.obj   12     620       0      
       main.obj                       320    0         8      
    +--+------------------------------+------+---------+---------+
       Total:                         332    620       8      
                                                              
    C:\ti\ccsv6\tools\compiler\arm_15.12.3.LTS\lib\rtsv7M4_T_le_v4SPD16_eabi.lib
       memcpy_t2.obj                  156    0         0      
       memset_t2.obj                  122    0         0      
       autoinit.obj                   112    0         0      
       copy_decompress_rle.obj        112    0         0      
       exit.obj                       84     0         12     
       boot.obj                       84     0         0      
       cpy_tbl.obj                    76     0         0      
       _lock.obj                      20     0         8      
       args_main.obj                  24     0         0      
       copy_decompress_none.obj       14     0         0      
       pre_init.obj                   4      0         0      
       stkdepth_vars.obj              0      0         4      
       mpu_init.obj                   2      0         0      
       startup.obj                    2      0         0      
    +--+------------------------------+------+---------+---------+
       Total:                         812    0         24     
                                                              
    D:/ti/TivaWare_C_Series-2.1.1.71/driverlib/ccs/Debug/driverlib.lib
       interrupt.obj                  172    112       620    
       sysctl.obj                     586    108       0      
       gpio.obj                       436    144       0      
       timer.obj                      240    160       0      
       pwm.obj                        122    0         0      
       cpu.obj                        12     0         0      
    +--+------------------------------+------+---------+---------+
       Total:                         1568   524       620    
                                                              
       Stack:                         0      0         512    
       Linker Generated:              0      77        0      
    +--+------------------------------+------+---------+---------+
       Grand Total:                   2712   1221      1164   


LINKER GENERATED COPY TABLES

__TI_cinit_table @ 00000f5c records: 3, size/record: 8, table size: 24
	.data: load addr=00000f18, load size=00000019 bytes, run addr=2000046c, run size=0000001c bytes, compression=rle
	.vtable: load addr=00000f38, load size=0000000b bytes, run addr=20000000, run size=0000026c bytes, compression=rle
	.bss: load addr=00000f48, load size=00000009 bytes, run addr=20000488, run size=00000004 bytes, compression=rle


LINKER GENERATED HANDLER TABLE

__TI_handler_table @ 00000f54 records: 2, size/record: 4, table size: 8
	index: 0, handler: __TI_decompress_rle24
	index: 1, handler: __TI_decompress_none


GLOBAL SYMBOLS: SORTED ALPHABETICALLY BY Name 

address   name                           
-------   ----                           
000009e9  C$$EXIT                        
00000cbb  CPUcpsie                       
00000b85  GPIODirModeSet                 
000003ad  GPIOPadConfigSet               
00000ad5  GPIOPinConfigure               
00000c49  GPIOPinTypePWM                 
000008cd  IntEnable                      
00000c7f  IntMasterEnable                
00000b1d  IntRegister                    
00000baf  PWMGenConfigure                
00000cc7  PWMGenDisable                  
00000cd3  PWMGenEnable                   
00000c8f  PWMGenPeriodSet                
00000c5b  PWMOutputState                 
00000bd1  PWMPulseWidthSet               
00000cdf  ResetISR                       
UNDEFED   SHT$$INIT_ARRAY$$Base          
UNDEFED   SHT$$INIT_ARRAY$$Limit         
000004dd  SysCtlClockGet                 
000005e9  SysCtlClockSet                 
00000cf3  SysCtlDelay                    
00000c21  SysCtlPWMClockSet              
00000b51  SysCtlPeripheralEnable         
00000331  Timer0IntHandler               
00000935  TimerConfigure                 
00000c9f  TimerEnable                    
00000cff  TimerIntClear                  
00000ceb  TimerIntEnable                 
00000bef  TimerIntRegister               
00000c6d  TimerLoadSet                   
2000046c  __STACK_END                    
00000200  __STACK_SIZE                   
2000046c  __STACK_TOP                    
00000f5c  __TI_CINIT_Base                
00000f74  __TI_CINIT_Limit               
00000f54  __TI_Handler_Table_Base        
00000f5c  __TI_Handler_Table_Limit       
000007f1  __TI_auto_init                 
2000046c  __TI_cleanup_ptr               
00000cad  __TI_decompress_none           
00000cf9  __TI_decompress_rle24          
20000470  __TI_dtors_ptr                 
20000474  __TI_enable_exit_profile_output
ffffffff  __TI_pprof_out_hndl            
ffffffff  __TI_prof_data_size            
ffffffff  __TI_prof_data_start           
00000000  __TI_static_base__             
00000775  __aeabi_memclr                 
00000775  __aeabi_memclr4                
00000775  __aeabi_memclr8                
000006d9  __aeabi_memcpy                 
000006d9  __aeabi_memcpy4                
000006d9  __aeabi_memcpy8                
00000777  __aeabi_memset                 
00000777  __aeabi_memset4                
00000777  __aeabi_memset8                
ffffffff  __binit__                      
ffffffff  __c_args__                     
000007ef  __mpu_init                     
2000026c  __stack                        
00000c09  _args_main                     
00000995  _c_int00                       
20000478  _lock                          
00000c43  _nop                           
00000c3b  _register_lock                 
00000c35  _register_unlock               
000008cb  _system_post_cinit             
00000d03  _system_pre_init               
2000047c  _unlock                        
000009ed  abort                          
ffffffff  binit                          
00000a89  copy_in                        
000009f5  exit                           
20000000  g_pfnRAMVectors                
00000000  g_pfnVectors                   
0000026d  main                           
20000484  main_func_sp                   
000006d9  memcpy                         
0000077d  memset                         
20000480  ulDutyCycle                    
20000488  ulPeriod                       


GLOBAL SYMBOLS: SORTED BY Symbol Address 

address   name                           
-------   ----                           
00000000  __TI_static_base__             
00000000  g_pfnVectors                   
00000200  __STACK_SIZE                   
0000026d  main                           
00000331  Timer0IntHandler               
000003ad  GPIOPadConfigSet               
000004dd  SysCtlClockGet                 
000005e9  SysCtlClockSet                 
000006d9  __aeabi_memcpy                 
000006d9  __aeabi_memcpy4                
000006d9  __aeabi_memcpy8                
000006d9  memcpy                         
00000775  __aeabi_memclr                 
00000775  __aeabi_memclr4                
00000775  __aeabi_memclr8                
00000777  __aeabi_memset                 
00000777  __aeabi_memset4                
00000777  __aeabi_memset8                
0000077d  memset                         
000007ef  __mpu_init                     
000007f1  __TI_auto_init                 
000008cb  _system_post_cinit             
000008cd  IntEnable                      
00000935  TimerConfigure                 
00000995  _c_int00                       
000009e9  C$$EXIT                        
000009ed  abort                          
000009f5  exit                           
00000a89  copy_in                        
00000ad5  GPIOPinConfigure               
00000b1d  IntRegister                    
00000b51  SysCtlPeripheralEnable         
00000b85  GPIODirModeSet                 
00000baf  PWMGenConfigure                
00000bd1  PWMPulseWidthSet               
00000bef  TimerIntRegister               
00000c09  _args_main                     
00000c21  SysCtlPWMClockSet              
00000c35  _register_unlock               
00000c3b  _register_lock                 
00000c43  _nop                           
00000c49  GPIOPinTypePWM                 
00000c5b  PWMOutputState                 
00000c6d  TimerLoadSet                   
00000c7f  IntMasterEnable                
00000c8f  PWMGenPeriodSet                
00000c9f  TimerEnable                    
00000cad  __TI_decompress_none           
00000cbb  CPUcpsie                       
00000cc7  PWMGenDisable                  
00000cd3  PWMGenEnable                   
00000cdf  ResetISR                       
00000ceb  TimerIntEnable                 
00000cf3  SysCtlDelay                    
00000cf9  __TI_decompress_rle24          
00000cff  TimerIntClear                  
00000d03  _system_pre_init               
00000f54  __TI_Handler_Table_Base        
00000f5c  __TI_CINIT_Base                
00000f5c  __TI_Handler_Table_Limit       
00000f74  __TI_CINIT_Limit               
20000000  g_pfnRAMVectors                
2000026c  __stack                        
2000046c  __STACK_END                    
2000046c  __STACK_TOP                    
2000046c  __TI_cleanup_ptr               
20000470  __TI_dtors_ptr                 
20000474  __TI_enable_exit_profile_output
20000478  _lock                          
2000047c  _unlock                        
20000480  ulDutyCycle                    
20000484  main_func_sp                   
20000488  ulPeriod                       
ffffffff  __TI_pprof_out_hndl            
ffffffff  __TI_prof_data_size            
ffffffff  __TI_prof_data_start           
ffffffff  __binit__                      
ffffffff  __c_args__                     
ffffffff  binit                          
UNDEFED   SHT$$INIT_ARRAY$$Base          
UNDEFED   SHT$$INIT_ARRAY$$Limit         

[81 symbols]
