******************************************************************************
                  TI ARM Linker PC v15.12.2                    
******************************************************************************
>> Linked Mon Aug 15 20:21:03 2016

OUTPUT FILE NAME:   <TivaC_3_Timer.out>
ENTRY POINT SYMBOL: "_c_int00"  address: 000008f5


MEMORY CONFIGURATION

         name            origin    length      used     unused   attr    fill
----------------------  --------  ---------  --------  --------  ----  --------
  FLASH                 00000000   00040000  00000d54  0003f2ac  R  X
  SRAM                  20000000   00008000  00000488  00007b78  RW X


SEGMENT ALLOCATION MAP

run origin  load origin   length   init length attrs members
----------  ----------- ---------- ----------- ----- -------
00000000    00000000    00000d54   00000d54    r-x
  00000000    00000000    0000026c   0000026c    r-- .intvecs
  0000026c    0000026c    00000930   00000930    r-x .text
  00000b9c    00000b9c    0000017c   0000017c    r-- .const
  00000d18    00000d18    0000003c   0000003c    r-- .cinit
20000000    20000000    00000488   00000000    rw-
  20000000    20000000    0000026c   00000000    rw- .vtable
  2000026c    2000026c    00000200   00000000    rw- .stack
  2000046c    2000046c    0000001c   00000000    rw- .data


SECTION ALLOCATION MAP

 output                                  attributes/
section   page    origin      length       input sections
--------  ----  ----------  ----------   ----------------
.intvecs   0    00000000    0000026c     
                  00000000    0000026c     tm4c123gh6pm_startup_ccs.obj (.intvecs)

.text      0    0000026c    00000930     
                  0000026c    00000130     driverlib.lib : gpio.obj (.text:GPIOPadConfigSet)
                  0000039c    0000010c                   : sysctl.obj (.text:SysCtlClockGet)
                  000004a8    000000f0                   : sysctl.obj (.text:SysCtlClockSet)
                  00000598    000000a0     main.obj (.text)
                  00000638    0000009c     rtsv7M4_T_le_v4SPD16_eabi.lib : memcpy_t2.obj (.text)
                  000006d4    0000007a                                   : memset_t2.obj (.text)
                  0000074e    00000002                                   : mpu_init.obj (.text)
                  00000750    00000070                                   : autoinit.obj (.text)
                  000007c0    0000006a                                   : copy_decompress_rle.obj (.text)
                  0000082a    00000002                                   : startup.obj (.text)
                  0000082c    00000068     driverlib.lib : interrupt.obj (.text:IntEnable)
                  00000894    00000060                   : timer.obj (.text:TimerConfigure)
                  000008f4    00000054     rtsv7M4_T_le_v4SPD16_eabi.lib : boot.obj (.text)
                  00000948    00000054                                   : exit.obj (.text)
                  0000099c    0000004c     driverlib.lib : timer.obj (.text:_TimerIntNumberGet)
                  000009e8    0000004c     rtsv7M4_T_le_v4SPD16_eabi.lib : cpy_tbl.obj (.text)
                  00000a34    00000034     driverlib.lib : interrupt.obj (.text:IntRegister)
                  00000a68    00000034                   : sysctl.obj (.text:SysCtlPeripheralEnable)
                  00000a9c    0000002a                   : gpio.obj (.text:GPIODirModeSet)
                  00000ac6    00000018                   : gpio.obj (.text:GPIOPinTypeGPIOOutput)
                  00000ade    00000018                   : timer.obj (.text:TimerIntRegister)
                  00000af6    00000002     --HOLE-- [fill = 0]
                  00000af8    00000018     rtsv7M4_T_le_v4SPD16_eabi.lib : args_main.obj (.text)
                  00000b10    00000014                                   : _lock.obj (.text)
                  00000b24    00000012     driverlib.lib : timer.obj (.text:TimerLoadSet)
                  00000b36    00000010                   : interrupt.obj (.text:IntMasterEnable)
                  00000b46    0000000e                   : timer.obj (.text:TimerEnable)
                  00000b54    0000000e     rtsv7M4_T_le_v4SPD16_eabi.lib : copy_decompress_none.obj (.text:decompress:none)
                  00000b62    0000000c     driverlib.lib : cpu.obj (.text:CPUcpsie)
                  00000b6e    0000000c     tm4c123gh6pm_startup_ccs.obj (.text)
                  00000b7a    00000008     driverlib.lib : timer.obj (.text:TimerIntEnable)
                  00000b82    00000006                   : gpio.obj (.text:GPIOPinWrite)
                  00000b88    00000006                   : sysctl.obj (.text:SysCtlDelay)
                  00000b8e    00000006     rtsv7M4_T_le_v4SPD16_eabi.lib : copy_decompress_rle.obj (.text:decompress:rle24)
                  00000b94    00000004     driverlib.lib : timer.obj (.text:TimerIntClear)
                  00000b98    00000004     rtsv7M4_T_le_v4SPD16_eabi.lib : pre_init.obj (.text)

.const     0    00000b9c    0000017c     
                  00000b9c    00000070     driverlib.lib : interrupt.obj (.const)
                  00000c0c    0000006c                   : sysctl.obj (.const:g_pui32Xtals)
                  00000c78    00000060                   : timer.obj (.const:g_ppui32TimerIntMap)
                  00000cd8    00000040                   : timer.obj (.const:g_ppui32TimerIntMapSnowflake)

.cinit     0    00000d18    0000003c     
                  00000d18    00000016     (.cinit..data.load) [load image, compression = rle]
                  00000d2e    00000002     --HOLE-- [fill = 0]
                  00000d30    0000000b     (.cinit..vtable.load) [load image, compression = rle]
                  00000d3b    00000001     --HOLE-- [fill = 0]
                  00000d3c    00000008     (__TI_handler_table)
                  00000d44    00000010     (__TI_cinit_table)

.init_array 
*          0    00000000    00000000     UNINITIALIZED

.vtable    0    20000000    0000026c     UNINITIALIZED
                  20000000    0000026c     driverlib.lib : interrupt.obj (.vtable)

.stack     0    2000026c    00000200     UNINITIALIZED
                  2000026c    00000200     --HOLE--

.data      0    2000046c    0000001c     UNINITIALIZED
                  2000046c    0000000c     rtsv7M4_T_le_v4SPD16_eabi.lib : exit.obj (.data:$O1$$)
                  20000478    00000008                                   : _lock.obj (.data:$O1$$)
                  20000480    00000004     main.obj (.data)
                  20000484    00000004     rtsv7M4_T_le_v4SPD16_eabi.lib : stkdepth_vars.obj (.data)

MODULE SUMMARY

       Module                         code   ro data   rw data
       ------                         ----   -------   -------
    .\
       tm4c123gh6pm_startup_ccs.obj   12     620       0      
       main.obj                       160    0         4      
    +--+------------------------------+------+---------+---------+
       Total:                         172    620       4      
                                                              
    C:\ti\ccsv6\tools\compiler\arm_15.12.2.LTS\lib\rtsv7M4_T_le_v4SPD16_eabi.lib
       memcpy_t2.obj                  156    0         0      
       memset_t2.obj                  122    0         0      
       autoinit.obj                   112    0         0      
       copy_decompress_rle.obj        112    0         0      
       exit.obj                       84     0         12     
       boot.obj                       84     0         0      
       cpy_tbl.obj                    76     0         0      
       _lock.obj                      20     0         8      
       args_main.obj                  24     0         0      
       copy_decompress_none.obj       14     0         0      
       pre_init.obj                   4      0         0      
       stkdepth_vars.obj              0      0         4      
       mpu_init.obj                   2      0         0      
       startup.obj                    2      0         0      
    +--+------------------------------+------+---------+---------+
       Total:                         812    0         24     
                                                              
    D:/ti/TivaWare_C_Series-2.1.1.71/driverlib/ccs/Debug/driverlib.lib
       interrupt.obj                  172    112       620    
       sysctl.obj                     566    108       0      
       timer.obj                      240    160       0      
       gpio.obj                       376    0         0      
       cpu.obj                        12     0         0      
    +--+------------------------------+------+---------+---------+
       Total:                         1366   380       620    
                                                              
       Stack:                         0      0         512    
       Linker Generated:              0      57        0      
    +--+------------------------------+------+---------+---------+
       Grand Total:                   2350   1057      1160   


LINKER GENERATED COPY TABLES

__TI_cinit_table @ 00000d44 records: 2, size/record: 8, table size: 16
	.data: load addr=00000d18, load size=00000016 bytes, run addr=2000046c, run size=0000001c bytes, compression=rle
	.vtable: load addr=00000d30, load size=0000000b bytes, run addr=20000000, run size=0000026c bytes, compression=rle


LINKER GENERATED HANDLER TABLE

__TI_handler_table @ 00000d3c records: 2, size/record: 4, table size: 8
	index: 0, handler: __TI_decompress_rle24
	index: 1, handler: __TI_decompress_none


GLOBAL SYMBOLS: SORTED ALPHABETICALLY BY Name 

address   name                           
-------   ----                           
00000949  C$$EXIT                        
00000b63  CPUcpsie                       
00000a9d  GPIODirModeSet                 
0000026d  GPIOPadConfigSet               
00000ac7  GPIOPinTypeGPIOOutput          
00000b83  GPIOPinWrite                   
0000082d  IntEnable                      
00000b37  IntMasterEnable                
00000a35  IntRegister                    
00000b6f  ResetISR                       
UNDEFED   SHT$$INIT_ARRAY$$Base          
UNDEFED   SHT$$INIT_ARRAY$$Limit         
0000039d  SysCtlClockGet                 
000004a9  SysCtlClockSet                 
00000b89  SysCtlDelay                    
00000a69  SysCtlPeripheralEnable         
00000895  TimerConfigure                 
00000b47  TimerEnable                    
00000b95  TimerIntClear                  
00000b7b  TimerIntEnable                 
00000adf  TimerIntRegister               
00000b25  TimerLoadSet                   
000005fb  ToggleLed                      
2000046c  __STACK_END                    
00000200  __STACK_SIZE                   
2000046c  __STACK_TOP                    
00000d44  __TI_CINIT_Base                
00000d54  __TI_CINIT_Limit               
00000d3c  __TI_Handler_Table_Base        
00000d44  __TI_Handler_Table_Limit       
00000751  __TI_auto_init                 
2000046c  __TI_cleanup_ptr               
00000b55  __TI_decompress_none           
00000b8f  __TI_decompress_rle24          
20000470  __TI_dtors_ptr                 
20000474  __TI_enable_exit_profile_output
ffffffff  __TI_pprof_out_hndl            
ffffffff  __TI_prof_data_size            
ffffffff  __TI_prof_data_start           
00000000  __TI_static_base__             
000006d5  __aeabi_memclr                 
000006d5  __aeabi_memclr4                
000006d5  __aeabi_memclr8                
00000639  __aeabi_memcpy                 
00000639  __aeabi_memcpy4                
00000639  __aeabi_memcpy8                
000006d7  __aeabi_memset                 
000006d7  __aeabi_memset4                
000006d7  __aeabi_memset8                
ffffffff  __binit__                      
ffffffff  __c_args__                     
0000074f  __mpu_init                     
2000026c  __stack                        
00000af9  _args_main                     
000008f5  _c_int00                       
20000478  _lock                          
00000b1f  _nop                           
00000b17  _register_lock                 
00000b11  _register_unlock               
0000082b  _system_post_cinit             
00000b99  _system_pre_init               
2000047c  _unlock                        
0000094d  abort                          
ffffffff  binit                          
000009e9  copy_in                        
00000955  exit                           
20000000  g_pfnRAMVectors                
00000000  g_pfnVectors                   
20000480  led                            
00000599  main                           
20000484  main_func_sp                   
00000639  memcpy                         
000006dd  memset                         


GLOBAL SYMBOLS: SORTED BY Symbol Address 

address   name                           
-------   ----                           
00000000  __TI_static_base__             
00000000  g_pfnVectors                   
00000200  __STACK_SIZE                   
0000026d  GPIOPadConfigSet               
0000039d  SysCtlClockGet                 
000004a9  SysCtlClockSet                 
00000599  main                           
000005fb  ToggleLed                      
00000639  __aeabi_memcpy                 
00000639  __aeabi_memcpy4                
00000639  __aeabi_memcpy8                
00000639  memcpy                         
000006d5  __aeabi_memclr                 
000006d5  __aeabi_memclr4                
000006d5  __aeabi_memclr8                
000006d7  __aeabi_memset                 
000006d7  __aeabi_memset4                
000006d7  __aeabi_memset8                
000006dd  memset                         
0000074f  __mpu_init                     
00000751  __TI_auto_init                 
0000082b  _system_post_cinit             
0000082d  IntEnable                      
00000895  TimerConfigure                 
000008f5  _c_int00                       
00000949  C$$EXIT                        
0000094d  abort                          
00000955  exit                           
000009e9  copy_in                        
00000a35  IntRegister                    
00000a69  SysCtlPeripheralEnable         
00000a9d  GPIODirModeSet                 
00000ac7  GPIOPinTypeGPIOOutput          
00000adf  TimerIntRegister               
00000af9  _args_main                     
00000b11  _register_unlock               
00000b17  _register_lock                 
00000b1f  _nop                           
00000b25  TimerLoadSet                   
00000b37  IntMasterEnable                
00000b47  TimerEnable                    
00000b55  __TI_decompress_none           
00000b63  CPUcpsie                       
00000b6f  ResetISR                       
00000b7b  TimerIntEnable                 
00000b83  GPIOPinWrite                   
00000b89  SysCtlDelay                    
00000b8f  __TI_decompress_rle24          
00000b95  TimerIntClear                  
00000b99  _system_pre_init               
00000d3c  __TI_Handler_Table_Base        
00000d44  __TI_CINIT_Base                
00000d44  __TI_Handler_Table_Limit       
00000d54  __TI_CINIT_Limit               
20000000  g_pfnRAMVectors                
2000026c  __stack                        
2000046c  __STACK_END                    
2000046c  __STACK_TOP                    
2000046c  __TI_cleanup_ptr               
20000470  __TI_dtors_ptr                 
20000474  __TI_enable_exit_profile_output
20000478  _lock                          
2000047c  _unlock                        
20000480  led                            
20000484  main_func_sp                   
ffffffff  __TI_pprof_out_hndl            
ffffffff  __TI_prof_data_size            
ffffffff  __TI_prof_data_start           
ffffffff  __binit__                      
ffffffff  __c_args__                     
ffffffff  binit                          
UNDEFED   SHT$$INIT_ARRAY$$Base          
UNDEFED   SHT$$INIT_ARRAY$$Limit         

[73 symbols]
