******************************************************************************
                  TI ARM Linker PC v15.12.3                    
******************************************************************************
>> Linked Fri Aug 05 13:31:53 2016

OUTPUT FILE NAME:   <TivaC_4_PWM_BAK.out>
ENTRY POINT SYMBOL: "_c_int00"  address: 000009a9


MEMORY CONFIGURATION

         name            origin    length      used     unused   attr    fill
----------------------  --------  ---------  --------  --------  ----  --------
  FLASH                 00000000   00040000  00000f82  0003f07e  R  X
  SRAM                  20000000   00008000  0000048c  00007b74  RW X


SEGMENT ALLOCATION MAP

run origin  load origin   length   init length attrs members
----------  ----------- ---------- ----------- ----- -------
00000000    00000000    00000f84   00000f84    r-x
  00000000    00000000    0000026c   0000026c    r-- .intvecs
  0000026c    0000026c    00000ac6   00000ac6    r-x .text
  00000d34    00000d34    0000020c   0000020c    r-- .const
  00000f40    00000f40    00000044   00000044    r-- .cinit
20000000    20000000    0000048c   00000000    rw-
  20000000    20000000    0000026c   00000000    rw- .vtable
  2000026c    2000026c    00000200   00000000    rw- .stack
  2000046c    2000046c    00000020   00000000    rw- .data


SECTION ALLOCATION MAP

 output                                  attributes/
section   page    origin      length       input sections
--------  ----  ----------  ----------   ----------------
.intvecs   0    00000000    0000026c     
                  00000000    0000026c     tm4c123gh6pm_startup_ccs.obj (.intvecs)

.text      0    0000026c    00000ac6     
                  0000026c    00000154     main.obj (.text)
                  000003c0    00000130     driverlib.lib : gpio.obj (.text:GPIOPadConfigSet)
                  000004f0    0000010c                   : sysctl.obj (.text:SysCtlClockGet)
                  000005fc    000000f0                   : sysctl.obj (.text:SysCtlClockSet)
                  000006ec    0000009c     rtsv7M4_T_le_v4SPD16_eabi.lib : memcpy_t2.obj (.text)
                  00000788    0000007a                                   : memset_t2.obj (.text)
                  00000802    00000002                                   : mpu_init.obj (.text)
                  00000804    00000070                                   : autoinit.obj (.text)
                  00000874    0000006a                                   : copy_decompress_rle.obj (.text)
                  000008de    00000002                                   : startup.obj (.text)
                  000008e0    00000068     driverlib.lib : interrupt.obj (.text:IntEnable)
                  00000948    00000060                   : timer.obj (.text:TimerConfigure)
                  000009a8    00000054     rtsv7M4_T_le_v4SPD16_eabi.lib : boot.obj (.text)
                  000009fc    00000054                                   : exit.obj (.text)
                  00000a50    0000004c     driverlib.lib : timer.obj (.text:_TimerIntNumberGet)
                  00000a9c    0000004c     rtsv7M4_T_le_v4SPD16_eabi.lib : cpy_tbl.obj (.text)
                  00000ae8    00000048     driverlib.lib : gpio.obj (.text:GPIOPinConfigure)
                  00000b30    00000034                   : interrupt.obj (.text:IntRegister)
                  00000b64    00000034                   : sysctl.obj (.text:SysCtlPeripheralEnable)
                  00000b98    0000002a                   : gpio.obj (.text:GPIODirModeSet)
                  00000bc2    00000022                   : pwm.obj (.text:PWMGenConfigure)
                  00000be4    0000001e                   : pwm.obj (.text:PWMPulseWidthSet)
                  00000c02    00000018                   : gpio.obj (.text:GPIOPinTypeGPIOOutput)
                  00000c1a    00000018                   : timer.obj (.text:TimerIntRegister)
                  00000c32    00000002     --HOLE-- [fill = 0]
                  00000c34    00000018     rtsv7M4_T_le_v4SPD16_eabi.lib : args_main.obj (.text)
                  00000c4c    00000014     driverlib.lib : sysctl.obj (.text:SysCtlPWMClockSet)
                  00000c60    00000014     rtsv7M4_T_le_v4SPD16_eabi.lib : _lock.obj (.text)
                  00000c74    00000012     driverlib.lib : gpio.obj (.text:GPIOPinTypePWM)
                  00000c86    00000012                   : pwm.obj (.text:PWMOutputState)
                  00000c98    00000012                   : timer.obj (.text:TimerLoadSet)
                  00000caa    00000010                   : interrupt.obj (.text:IntMasterEnable)
                  00000cba    00000010                   : pwm.obj (.text:PWMGenPeriodSet)
                  00000cca    0000000e                   : timer.obj (.text:TimerEnable)
                  00000cd8    0000000e     rtsv7M4_T_le_v4SPD16_eabi.lib : copy_decompress_none.obj (.text:decompress:none)
                  00000ce6    0000000c     driverlib.lib : cpu.obj (.text:CPUcpsie)
                  00000cf2    0000000c                   : pwm.obj (.text:PWMGenDisable)
                  00000cfe    0000000c                   : pwm.obj (.text:PWMGenEnable)
                  00000d0a    0000000c     tm4c123gh6pm_startup_ccs.obj (.text)
                  00000d16    00000008     driverlib.lib : timer.obj (.text:TimerIntEnable)
                  00000d1e    00000006                   : sysctl.obj (.text:SysCtlDelay)
                  00000d24    00000006     rtsv7M4_T_le_v4SPD16_eabi.lib : copy_decompress_rle.obj (.text:decompress:rle24)
                  00000d2a    00000004     driverlib.lib : timer.obj (.text:TimerIntClear)
                  00000d2e    00000004     rtsv7M4_T_le_v4SPD16_eabi.lib : pre_init.obj (.text)

.const     0    00000d34    0000020c     
                  00000d34    00000090     driverlib.lib : gpio.obj (.const:g_pui32GPIOBaseAddrs)
                  00000dc4    00000070                   : interrupt.obj (.const)
                  00000e34    0000006c                   : sysctl.obj (.const:g_pui32Xtals)
                  00000ea0    00000060                   : timer.obj (.const:g_ppui32TimerIntMap)
                  00000f00    00000040                   : timer.obj (.const:g_ppui32TimerIntMapSnowflake)

.cinit     0    00000f40    00000044     
                  00000f40    00000019     (.cinit..data.load) [load image, compression = rle]
                  00000f59    00000007     --HOLE-- [fill = 0]
                  00000f60    0000000b     (.cinit..vtable.load) [load image, compression = rle]
                  00000f6b    00000001     --HOLE-- [fill = 0]
                  00000f6c    00000008     (__TI_handler_table)
                  00000f74    00000010     (__TI_cinit_table)

.init_array 
*          0    00000000    00000000     UNINITIALIZED

.vtable    0    20000000    0000026c     UNINITIALIZED
                  20000000    0000026c     driverlib.lib : interrupt.obj (.vtable)

.stack     0    2000026c    00000200     UNINITIALIZED
                  2000026c    00000200     --HOLE--

.data      0    2000046c    00000020     UNINITIALIZED
                  2000046c    0000000c     rtsv7M4_T_le_v4SPD16_eabi.lib : exit.obj (.data:$O1$$)
                  20000478    00000008                                   : _lock.obj (.data:$O1$$)
                  20000480    00000008     main.obj (.data)
                  20000488    00000004     rtsv7M4_T_le_v4SPD16_eabi.lib : stkdepth_vars.obj (.data)

MODULE SUMMARY

       Module                         code   ro data   rw data
       ------                         ----   -------   -------
    .\
       tm4c123gh6pm_startup_ccs.obj   12     620       0      
       main.obj                       340    0         8      
    +--+------------------------------+------+---------+---------+
       Total:                         352    620       8      
                                                              
    C:\ti\ccsv6\tools\compiler\arm_15.12.3.LTS\lib\rtsv7M4_T_le_v4SPD16_eabi.lib
       memcpy_t2.obj                  156    0         0      
       memset_t2.obj                  122    0         0      
       autoinit.obj                   112    0         0      
       copy_decompress_rle.obj        112    0         0      
       exit.obj                       84     0         12     
       boot.obj                       84     0         0      
       cpy_tbl.obj                    76     0         0      
       _lock.obj                      20     0         8      
       args_main.obj                  24     0         0      
       copy_decompress_none.obj       14     0         0      
       pre_init.obj                   4      0         0      
       stkdepth_vars.obj              0      0         4      
       mpu_init.obj                   2      0         0      
       startup.obj                    2      0         0      
    +--+------------------------------+------+---------+---------+
       Total:                         812    0         24     
                                                              
    D:/ti/TivaWare_C_Series-2.1.1.71/driverlib/ccs/Debug/driverlib.lib
       interrupt.obj                  172    112       620    
       sysctl.obj                     586    108       0      
       gpio.obj                       460    144       0      
       timer.obj                      240    160       0      
       pwm.obj                        122    0         0      
       cpu.obj                        12     0         0      
    +--+------------------------------+------+---------+---------+
       Total:                         1592   524       620    
                                                              
       Stack:                         0      0         512    
       Linker Generated:              0      60        0      
    +--+------------------------------+------+---------+---------+
       Grand Total:                   2756   1204      1164   


LINKER GENERATED COPY TABLES

__TI_cinit_table @ 00000f74 records: 2, size/record: 8, table size: 16
	.data: load addr=00000f40, load size=00000019 bytes, run addr=2000046c, run size=00000020 bytes, compression=rle
	.vtable: load addr=00000f60, load size=0000000b bytes, run addr=20000000, run size=0000026c bytes, compression=rle


LINKER GENERATED HANDLER TABLE

__TI_handler_table @ 00000f6c records: 2, size/record: 4, table size: 8
	index: 0, handler: __TI_decompress_rle24
	index: 1, handler: __TI_decompress_none


GLOBAL SYMBOLS: SORTED ALPHABETICALLY BY Name 

address   name                           
-------   ----                           
000009fd  C$$EXIT                        
00000ce7  CPUcpsie                       
20000480  DutyCycle                      
00000b99  GPIODirModeSet                 
000003c1  GPIOPadConfigSet               
00000ae9  GPIOPinConfigure               
00000c03  GPIOPinTypeGPIOOutput          
00000c75  GPIOPinTypePWM                 
000008e1  IntEnable                      
00000cab  IntMasterEnable                
00000b31  IntRegister                    
00000341  PWMADJ                         
00000bc3  PWMGenConfigure                
00000cf3  PWMGenDisable                  
00000cff  PWMGenEnable                   
00000cbb  PWMGenPeriodSet                
00000c87  PWMOutputState                 
00000be5  PWMPulseWidthSet               
00000d0b  ResetISR                       
UNDEFED   SHT$$INIT_ARRAY$$Base          
UNDEFED   SHT$$INIT_ARRAY$$Limit         
000004f1  SysCtlClockGet                 
000005fd  SysCtlClockSet                 
00000d1f  SysCtlDelay                    
00000c4d  SysCtlPWMClockSet              
00000b65  SysCtlPeripheralEnable         
00000949  TimerConfigure                 
00000ccb  TimerEnable                    
00000d2b  TimerIntClear                  
00000d17  TimerIntEnable                 
00000c1b  TimerIntRegister               
00000c99  TimerLoadSet                   
2000046c  __STACK_END                    
00000200  __STACK_SIZE                   
2000046c  __STACK_TOP                    
00000f74  __TI_CINIT_Base                
00000f84  __TI_CINIT_Limit               
00000f6c  __TI_Handler_Table_Base        
00000f74  __TI_Handler_Table_Limit       
00000805  __TI_auto_init                 
2000046c  __TI_cleanup_ptr               
00000cd9  __TI_decompress_none           
00000d25  __TI_decompress_rle24          
20000470  __TI_dtors_ptr                 
20000474  __TI_enable_exit_profile_output
ffffffff  __TI_pprof_out_hndl            
ffffffff  __TI_prof_data_size            
ffffffff  __TI_prof_data_start           
00000000  __TI_static_base__             
00000789  __aeabi_memclr                 
00000789  __aeabi_memclr4                
00000789  __aeabi_memclr8                
000006ed  __aeabi_memcpy                 
000006ed  __aeabi_memcpy4                
000006ed  __aeabi_memcpy8                
0000078b  __aeabi_memset                 
0000078b  __aeabi_memset4                
0000078b  __aeabi_memset8                
ffffffff  __binit__                      
ffffffff  __c_args__                     
00000803  __mpu_init                     
2000026c  __stack                        
00000c35  _args_main                     
000009a9  _c_int00                       
20000478  _lock                          
00000c6f  _nop                           
00000c67  _register_lock                 
00000c61  _register_unlock               
000008df  _system_post_cinit             
00000d2f  _system_pre_init               
2000047c  _unlock                        
00000a01  abort                          
ffffffff  binit                          
00000a9d  copy_in                        
00000a09  exit                           
20000000  g_pfnRAMVectors                
00000000  g_pfnVectors                   
20000484  led                            
0000026d  main                           
20000488  main_func_sp                   
000006ed  memcpy                         
00000791  memset                         


GLOBAL SYMBOLS: SORTED BY Symbol Address 

address   name                           
-------   ----                           
00000000  __TI_static_base__             
00000000  g_pfnVectors                   
00000200  __STACK_SIZE                   
0000026d  main                           
00000341  PWMADJ                         
000003c1  GPIOPadConfigSet               
000004f1  SysCtlClockGet                 
000005fd  SysCtlClockSet                 
000006ed  __aeabi_memcpy                 
000006ed  __aeabi_memcpy4                
000006ed  __aeabi_memcpy8                
000006ed  memcpy                         
00000789  __aeabi_memclr                 
00000789  __aeabi_memclr4                
00000789  __aeabi_memclr8                
0000078b  __aeabi_memset                 
0000078b  __aeabi_memset4                
0000078b  __aeabi_memset8                
00000791  memset                         
00000803  __mpu_init                     
00000805  __TI_auto_init                 
000008df  _system_post_cinit             
000008e1  IntEnable                      
00000949  TimerConfigure                 
000009a9  _c_int00                       
000009fd  C$$EXIT                        
00000a01  abort                          
00000a09  exit                           
00000a9d  copy_in                        
00000ae9  GPIOPinConfigure               
00000b31  IntRegister                    
00000b65  SysCtlPeripheralEnable         
00000b99  GPIODirModeSet                 
00000bc3  PWMGenConfigure                
00000be5  PWMPulseWidthSet               
00000c03  GPIOPinTypeGPIOOutput          
00000c1b  TimerIntRegister               
00000c35  _args_main                     
00000c4d  SysCtlPWMClockSet              
00000c61  _register_unlock               
00000c67  _register_lock                 
00000c6f  _nop                           
00000c75  GPIOPinTypePWM                 
00000c87  PWMOutputState                 
00000c99  TimerLoadSet                   
00000cab  IntMasterEnable                
00000cbb  PWMGenPeriodSet                
00000ccb  TimerEnable                    
00000cd9  __TI_decompress_none           
00000ce7  CPUcpsie                       
00000cf3  PWMGenDisable                  
00000cff  PWMGenEnable                   
00000d0b  ResetISR                       
00000d17  TimerIntEnable                 
00000d1f  SysCtlDelay                    
00000d25  __TI_decompress_rle24          
00000d2b  TimerIntClear                  
00000d2f  _system_pre_init               
00000f6c  __TI_Handler_Table_Base        
00000f74  __TI_CINIT_Base                
00000f74  __TI_Handler_Table_Limit       
00000f84  __TI_CINIT_Limit               
20000000  g_pfnRAMVectors                
2000026c  __stack                        
2000046c  __STACK_END                    
2000046c  __STACK_TOP                    
2000046c  __TI_cleanup_ptr               
20000470  __TI_dtors_ptr                 
20000474  __TI_enable_exit_profile_output
20000478  _lock                          
2000047c  _unlock                        
20000480  DutyCycle                      
20000484  led                            
20000488  main_func_sp                   
ffffffff  __TI_pprof_out_hndl            
ffffffff  __TI_prof_data_size            
ffffffff  __TI_prof_data_start           
ffffffff  __binit__                      
ffffffff  __c_args__                     
ffffffff  binit                          
UNDEFED   SHT$$INIT_ARRAY$$Base          
UNDEFED   SHT$$INIT_ARRAY$$Limit         

[82 symbols]
