******************************************************************************
                  TI ARM Linker PC v15.12.3                    
******************************************************************************
>> Linked Fri Aug 12 15:38:39 2016

OUTPUT FILE NAME:   <TivaC_5_UART.out>
ENTRY POINT SYMBOL: "_c_int00"  address: 000009d1


MEMORY CONFIGURATION

         name            origin    length      used     unused   attr    fill
----------------------  --------  ---------  --------  --------  ----  --------
  FLASH                 00000000   00040000  0000106c  0003ef94  R  X
  SRAM                  20000000   00008000  00000484  00007b7c  RW X


SEGMENT ALLOCATION MAP

run origin  load origin   length   init length attrs members
----------  ----------- ---------- ----------- ----- -------
00000000    00000000    0000106c   0000106c    r-x
  00000000    00000000    0000026c   0000026c    r-- .intvecs
  0000026c    0000026c    00000ad8   00000ad8    r-x .text
  00000d44    00000d44    000002ec   000002ec    r-- .const
  00001030    00001030    0000003c   0000003c    r-- .cinit
20000000    20000000    00000484   00000000    rw-
  20000000    20000000    0000026c   00000000    rw- .vtable
  2000026c    2000026c    00000200   00000000    rw- .stack
  2000046c    2000046c    00000018   00000000    rw- .data


SECTION ALLOCATION MAP

 output                                  attributes/
section   page    origin      length       input sections
--------  ----  ----------  ----------   ----------------
.intvecs   0    00000000    0000026c     
                  00000000    0000026c     tm4c123gh6pm_startup_ccs.obj (.intvecs)

.text      0    0000026c    00000ad8     
                  0000026c    00000184     main.obj (.text)
                  000003f0    00000130     driverlib.lib : gpio.obj (.text:GPIOPadConfigSet)
                  00000520    0000010c                   : sysctl.obj (.text:SysCtlClockGet)
                  0000062c    000000f0                   : sysctl.obj (.text:SysCtlClockSet)
                  0000071c    0000009c     rtsv7M4_T_le_v4SPD16_eabi.lib : memcpy_t2.obj (.text)
                  000007b8    0000007a                                   : memset_t2.obj (.text)
                  00000832    00000002                                   : mpu_init.obj (.text)
                  00000834    00000070                                   : autoinit.obj (.text)
                  000008a4    0000006a                                   : copy_decompress_rle.obj (.text)
                  0000090e    00000002                                   : startup.obj (.text)
                  00000910    00000068     driverlib.lib : interrupt.obj (.text:IntEnable)
                  00000978    00000056                   : gpio.obj (.text:GPIOIntTypeSet)
                  000009ce    00000002     --HOLE-- [fill = 0]
                  000009d0    00000054     rtsv7M4_T_le_v4SPD16_eabi.lib : boot.obj (.text)
                  00000a24    00000054                                   : exit.obj (.text)
                  00000a78    0000004c                                   : cpy_tbl.obj (.text)
                  00000ac4    00000048     driverlib.lib : gpio.obj (.text:GPIOPinConfigure)
                  00000b0c    00000042                   : uart.obj (.text:UARTConfigSetExpClk)
                  00000b4e    00000002     --HOLE-- [fill = 0]
                  00000b50    00000040                   : gpio.obj (.text:_GPIOIntNumberGet)
                  00000b90    00000034                   : interrupt.obj (.text:IntRegister)
                  00000bc4    00000034                   : sysctl.obj (.text:SysCtlPeripheralEnable)
                  00000bf8    0000002a                   : gpio.obj (.text:GPIODirModeSet)
                  00000c22    00000002     --HOLE-- [fill = 0]
                  00000c24    0000001c                   : uart.obj (.text:UARTDisable)
                  00000c40    00000018                   : gpio.obj (.text:GPIOIntRegister)
                  00000c58    00000018                   : gpio.obj (.text:GPIOPinTypeGPIOOutput)
                  00000c70    00000018     rtsv7M4_T_le_v4SPD16_eabi.lib : args_main.obj (.text)
                  00000c88    00000014     driverlib.lib : uart.obj (.text:UARTEnable)
                  00000c9c    00000014     rtsv7M4_T_le_v4SPD16_eabi.lib : _lock.obj (.text)
                  00000cb0    00000012     driverlib.lib : gpio.obj (.text:GPIOPinTypeGPIOInput)
                  00000cc2    00000012                   : gpio.obj (.text:GPIOPinTypeUART)
                  00000cd4    00000010                   : interrupt.obj (.text:IntMasterEnable)
                  00000ce4    0000000e                   : gpio.obj (.text:GPIOIntStatus)
                  00000cf2    0000000e     rtsv7M4_T_le_v4SPD16_eabi.lib : copy_decompress_none.obj (.text:decompress:none)
                  00000d00    0000000c     driverlib.lib : cpu.obj (.text:CPUcpsie)
                  00000d0c    0000000c                   : gpio.obj (.text:GPIOIntEnable)
                  00000d18    0000000c     tm4c123gh6pm_startup_ccs.obj (.text)
                  00000d24    0000000a     driverlib.lib : uart.obj (.text:UARTCharPut)
                  00000d2e    00000006                   : gpio.obj (.text:GPIOIntClear)
                  00000d34    00000006                   : sysctl.obj (.text:SysCtlDelay)
                  00000d3a    00000006     rtsv7M4_T_le_v4SPD16_eabi.lib : copy_decompress_rle.obj (.text:decompress:rle24)
                  00000d40    00000004                                   : pre_init.obj (.text)

.const     0    00000d44    000002ec     
                  00000d44    000000c0     driverlib.lib : gpio.obj (.const:g_ppui32GPIOIntMapBlizzard)
                  00000e04    000000c0                   : gpio.obj (.const:g_ppui32GPIOIntMapSnowflake)
                  00000ec4    00000090                   : gpio.obj (.const:g_pui32GPIOBaseAddrs)
                  00000f54    00000070                   : interrupt.obj (.const)
                  00000fc4    0000006c                   : sysctl.obj (.const:g_pui32Xtals)

.cinit     0    00001030    0000003c     
                  00001030    00000016     (.cinit..data.load) [load image, compression = rle]
                  00001046    00000002     --HOLE-- [fill = 0]
                  00001048    0000000b     (.cinit..vtable.load) [load image, compression = rle]
                  00001053    00000001     --HOLE-- [fill = 0]
                  00001054    00000008     (__TI_handler_table)
                  0000105c    00000010     (__TI_cinit_table)

.init_array 
*          0    00000000    00000000     UNINITIALIZED

.vtable    0    20000000    0000026c     UNINITIALIZED
                  20000000    0000026c     driverlib.lib : interrupt.obj (.vtable)

.stack     0    2000026c    00000200     UNINITIALIZED
                  2000026c    00000200     --HOLE--

.data      0    2000046c    00000018     UNINITIALIZED
                  2000046c    0000000c     rtsv7M4_T_le_v4SPD16_eabi.lib : exit.obj (.data:$O1$$)
                  20000478    00000008                                   : _lock.obj (.data:$O1$$)
                  20000480    00000004                                   : stkdepth_vars.obj (.data)

MODULE SUMMARY

       Module                         code   ro data   rw data
       ------                         ----   -------   -------
    .\
       tm4c123gh6pm_startup_ccs.obj   12     620       0      
       main.obj                       388    0         0      
    +--+------------------------------+------+---------+---------+
       Total:                         400    620       0      
                                                              
    C:\ti\ccsv6\tools\compiler\arm_15.12.3.LTS\lib\rtsv7M4_T_le_v4SPD16_eabi.lib
       memcpy_t2.obj                  156    0         0      
       memset_t2.obj                  122    0         0      
       autoinit.obj                   112    0         0      
       copy_decompress_rle.obj        112    0         0      
       exit.obj                       84     0         12     
       boot.obj                       84     0         0      
       cpy_tbl.obj                    76     0         0      
       _lock.obj                      20     0         8      
       args_main.obj                  24     0         0      
       copy_decompress_none.obj       14     0         0      
       pre_init.obj                   4      0         0      
       stkdepth_vars.obj              0      0         4      
       mpu_init.obj                   2      0         0      
       startup.obj                    2      0         0      
    +--+------------------------------+------+---------+---------+
       Total:                         812    0         24     
                                                              
    D:/ti/TivaWare_C_Series-2.1.1.71/driverlib/ccs/Debug/driverlib.lib
       gpio.obj                       684    528       0      
       interrupt.obj                  172    112       620    
       sysctl.obj                     566    108       0      
       uart.obj                       124    0         0      
       cpu.obj                        12     0         0      
    +--+------------------------------+------+---------+---------+
       Total:                         1558   748       620    
                                                              
       Stack:                         0      0         512    
       Linker Generated:              0      57        0      
    +--+------------------------------+------+---------+---------+
       Grand Total:                   2770   1425      1156   


LINKER GENERATED COPY TABLES

__TI_cinit_table @ 0000105c records: 2, size/record: 8, table size: 16
	.data: load addr=00001030, load size=00000016 bytes, run addr=2000046c, run size=00000018 bytes, compression=rle
	.vtable: load addr=00001048, load size=0000000b bytes, run addr=20000000, run size=0000026c bytes, compression=rle


LINKER GENERATED HANDLER TABLE

__TI_handler_table @ 00001054 records: 2, size/record: 4, table size: 8
	index: 0, handler: __TI_decompress_rle24
	index: 1, handler: __TI_decompress_none


GLOBAL SYMBOLS: SORTED ALPHABETICALLY BY Name 

address   name                           
-------   ----                           
0000028d  Button                         
00000a25  C$$EXIT                        
00000d01  CPUcpsie                       
00000bf9  GPIODirModeSet                 
00000d2f  GPIOIntClear                   
00000d0d  GPIOIntEnable                  
00000c41  GPIOIntRegister                
00000ce5  GPIOIntStatus                  
00000979  GPIOIntTypeSet                 
000003f1  GPIOPadConfigSet               
00000ac5  GPIOPinConfigure               
00000cb1  GPIOPinTypeGPIOInput           
00000c59  GPIOPinTypeGPIOOutput          
00000cc3  GPIOPinTypeUART                
00000911  IntEnable                      
00000cd5  IntMasterEnable                
00000b91  IntRegister                    
00000d19  ResetISR                       
UNDEFED   SHT$$INIT_ARRAY$$Base          
UNDEFED   SHT$$INIT_ARRAY$$Limit         
00000521  SysCtlClockGet                 
0000062d  SysCtlClockSet                 
00000d35  SysCtlDelay                    
00000bc5  SysCtlPeripheralEnable         
00000d25  UARTCharPut                    
00000b0d  UARTConfigSetExpClk            
00000c25  UARTDisable                    
00000c89  UARTEnable                     
0000026d  UARTStringPut                  
2000046c  __STACK_END                    
00000200  __STACK_SIZE                   
2000046c  __STACK_TOP                    
0000105c  __TI_CINIT_Base                
0000106c  __TI_CINIT_Limit               
00001054  __TI_Handler_Table_Base        
0000105c  __TI_Handler_Table_Limit       
00000835  __TI_auto_init                 
2000046c  __TI_cleanup_ptr               
00000cf3  __TI_decompress_none           
00000d3b  __TI_decompress_rle24          
20000470  __TI_dtors_ptr                 
20000474  __TI_enable_exit_profile_output
ffffffff  __TI_pprof_out_hndl            
ffffffff  __TI_prof_data_size            
ffffffff  __TI_prof_data_start           
00000000  __TI_static_base__             
000007b9  __aeabi_memclr                 
000007b9  __aeabi_memclr4                
000007b9  __aeabi_memclr8                
0000071d  __aeabi_memcpy                 
0000071d  __aeabi_memcpy4                
0000071d  __aeabi_memcpy8                
000007bb  __aeabi_memset                 
000007bb  __aeabi_memset4                
000007bb  __aeabi_memset8                
ffffffff  __binit__                      
ffffffff  __c_args__                     
00000833  __mpu_init                     
2000026c  __stack                        
00000c71  _args_main                     
000009d1  _c_int00                       
20000478  _lock                          
00000cab  _nop                           
00000ca3  _register_lock                 
00000c9d  _register_unlock               
0000090f  _system_post_cinit             
00000d41  _system_pre_init               
2000047c  _unlock                        
00000a29  abort                          
ffffffff  binit                          
00000a79  copy_in                        
00000a31  exit                           
20000000  g_pfnRAMVectors                
00000000  g_pfnVectors                   
000002e1  main                           
20000480  main_func_sp                   
0000071d  memcpy                         
000007c1  memset                         


GLOBAL SYMBOLS: SORTED BY Symbol Address 

address   name                           
-------   ----                           
00000000  __TI_static_base__             
00000000  g_pfnVectors                   
00000200  __STACK_SIZE                   
0000026d  UARTStringPut                  
0000028d  Button                         
000002e1  main                           
000003f1  GPIOPadConfigSet               
00000521  SysCtlClockGet                 
0000062d  SysCtlClockSet                 
0000071d  __aeabi_memcpy                 
0000071d  __aeabi_memcpy4                
0000071d  __aeabi_memcpy8                
0000071d  memcpy                         
000007b9  __aeabi_memclr                 
000007b9  __aeabi_memclr4                
000007b9  __aeabi_memclr8                
000007bb  __aeabi_memset                 
000007bb  __aeabi_memset4                
000007bb  __aeabi_memset8                
000007c1  memset                         
00000833  __mpu_init                     
00000835  __TI_auto_init                 
0000090f  _system_post_cinit             
00000911  IntEnable                      
00000979  GPIOIntTypeSet                 
000009d1  _c_int00                       
00000a25  C$$EXIT                        
00000a29  abort                          
00000a31  exit                           
00000a79  copy_in                        
00000ac5  GPIOPinConfigure               
00000b0d  UARTConfigSetExpClk            
00000b91  IntRegister                    
00000bc5  SysCtlPeripheralEnable         
00000bf9  GPIODirModeSet                 
00000c25  UARTDisable                    
00000c41  GPIOIntRegister                
00000c59  GPIOPinTypeGPIOOutput          
00000c71  _args_main                     
00000c89  UARTEnable                     
00000c9d  _register_unlock               
00000ca3  _register_lock                 
00000cab  _nop                           
00000cb1  GPIOPinTypeGPIOInput           
00000cc3  GPIOPinTypeUART                
00000cd5  IntMasterEnable                
00000ce5  GPIOIntStatus                  
00000cf3  __TI_decompress_none           
00000d01  CPUcpsie                       
00000d0d  GPIOIntEnable                  
00000d19  ResetISR                       
00000d25  UARTCharPut                    
00000d2f  GPIOIntClear                   
00000d35  SysCtlDelay                    
00000d3b  __TI_decompress_rle24          
00000d41  _system_pre_init               
00001054  __TI_Handler_Table_Base        
0000105c  __TI_CINIT_Base                
0000105c  __TI_Handler_Table_Limit       
0000106c  __TI_CINIT_Limit               
20000000  g_pfnRAMVectors                
2000026c  __stack                        
2000046c  __STACK_END                    
2000046c  __STACK_TOP                    
2000046c  __TI_cleanup_ptr               
20000470  __TI_dtors_ptr                 
20000474  __TI_enable_exit_profile_output
20000478  _lock                          
2000047c  _unlock                        
20000480  main_func_sp                   
ffffffff  __TI_pprof_out_hndl            
ffffffff  __TI_prof_data_size            
ffffffff  __TI_prof_data_start           
ffffffff  __binit__                      
ffffffff  __c_args__                     
ffffffff  binit                          
UNDEFED   SHT$$INIT_ARRAY$$Base          
UNDEFED   SHT$$INIT_ARRAY$$Limit         

[78 symbols]
