******************************************************************************
                  TI ARM Linker PC v15.12.3                    
******************************************************************************
>> Linked Fri Aug 05 16:49:39 2016

OUTPUT FILE NAME:   <TivaC_4_UART.out>
ENTRY POINT SYMBOL: "_c_int00"  address: 000009c9


MEMORY CONFIGURATION

         name            origin    length      used     unused   attr    fill
----------------------  --------  ---------  --------  --------  ----  --------
  FLASH                 00000000   00040000  00001064  0003ef9c  R  X
  SRAM                  20000000   00008000  00000484  00007b7c  RW X


SEGMENT ALLOCATION MAP

run origin  load origin   length   init length attrs members
----------  ----------- ---------- ----------- ----- -------
00000000    00000000    00001064   00001064    r-x
  00000000    00000000    0000026c   0000026c    r-- .intvecs
  0000026c    0000026c    00000ad0   00000ad0    r-x .text
  00000d3c    00000d3c    000002ec   000002ec    r-- .const
  00001028    00001028    0000003c   0000003c    r-- .cinit
20000000    20000000    00000484   00000000    rw-
  20000000    20000000    0000026c   00000000    rw- .vtable
  2000026c    2000026c    00000200   00000000    rw- .stack
  2000046c    2000046c    00000018   00000000    rw- .data


SECTION ALLOCATION MAP

 output                                  attributes/
section   page    origin      length       input sections
--------  ----  ----------  ----------   ----------------
.intvecs   0    00000000    0000026c     
                  00000000    0000026c     tm4c123gh6pm_startup_ccs.obj (.intvecs)

.text      0    0000026c    00000ad0     
                  0000026c    0000017c     main.obj (.text)
                  000003e8    00000130     driverlib.lib : gpio.obj (.text:GPIOPadConfigSet)
                  00000518    0000010c                   : sysctl.obj (.text:SysCtlClockGet)
                  00000624    000000f0                   : sysctl.obj (.text:SysCtlClockSet)
                  00000714    0000009c     rtsv7M4_T_le_v4SPD16_eabi.lib : memcpy_t2.obj (.text)
                  000007b0    0000007a                                   : memset_t2.obj (.text)
                  0000082a    00000002                                   : mpu_init.obj (.text)
                  0000082c    00000070                                   : autoinit.obj (.text)
                  0000089c    0000006a                                   : copy_decompress_rle.obj (.text)
                  00000906    00000002                                   : startup.obj (.text)
                  00000908    00000068     driverlib.lib : interrupt.obj (.text:IntEnable)
                  00000970    00000056                   : gpio.obj (.text:GPIOIntTypeSet)
                  000009c6    00000002     --HOLE-- [fill = 0]
                  000009c8    00000054     rtsv7M4_T_le_v4SPD16_eabi.lib : boot.obj (.text)
                  00000a1c    00000054                                   : exit.obj (.text)
                  00000a70    0000004c                                   : cpy_tbl.obj (.text)
                  00000abc    00000048     driverlib.lib : gpio.obj (.text:GPIOPinConfigure)
                  00000b04    00000042                   : uart.obj (.text:UARTConfigSetExpClk)
                  00000b46    00000002     --HOLE-- [fill = 0]
                  00000b48    00000040                   : gpio.obj (.text:_GPIOIntNumberGet)
                  00000b88    00000034                   : interrupt.obj (.text:IntRegister)
                  00000bbc    00000034                   : sysctl.obj (.text:SysCtlPeripheralEnable)
                  00000bf0    0000002a                   : gpio.obj (.text:GPIODirModeSet)
                  00000c1a    00000002     --HOLE-- [fill = 0]
                  00000c1c    0000001c                   : uart.obj (.text:UARTDisable)
                  00000c38    00000018                   : gpio.obj (.text:GPIOIntRegister)
                  00000c50    00000018                   : gpio.obj (.text:GPIOPinTypeGPIOOutput)
                  00000c68    00000018     rtsv7M4_T_le_v4SPD16_eabi.lib : args_main.obj (.text)
                  00000c80    00000014     driverlib.lib : uart.obj (.text:UARTEnable)
                  00000c94    00000014     rtsv7M4_T_le_v4SPD16_eabi.lib : _lock.obj (.text)
                  00000ca8    00000012     driverlib.lib : gpio.obj (.text:GPIOPinTypeGPIOInput)
                  00000cba    00000012                   : gpio.obj (.text:GPIOPinTypeUART)
                  00000ccc    00000010                   : interrupt.obj (.text:IntMasterEnable)
                  00000cdc    0000000e                   : gpio.obj (.text:GPIOIntStatus)
                  00000cea    0000000e     rtsv7M4_T_le_v4SPD16_eabi.lib : copy_decompress_none.obj (.text:decompress:none)
                  00000cf8    0000000c     driverlib.lib : cpu.obj (.text:CPUcpsie)
                  00000d04    0000000c                   : gpio.obj (.text:GPIOIntEnable)
                  00000d10    0000000c     tm4c123gh6pm_startup_ccs.obj (.text)
                  00000d1c    0000000a     driverlib.lib : uart.obj (.text:UARTCharPut)
                  00000d26    00000006                   : gpio.obj (.text:GPIOIntClear)
                  00000d2c    00000006                   : sysctl.obj (.text:SysCtlDelay)
                  00000d32    00000006     rtsv7M4_T_le_v4SPD16_eabi.lib : copy_decompress_rle.obj (.text:decompress:rle24)
                  00000d38    00000004                                   : pre_init.obj (.text)

.const     0    00000d3c    000002ec     
                  00000d3c    000000c0     driverlib.lib : gpio.obj (.const:g_ppui32GPIOIntMapBlizzard)
                  00000dfc    000000c0                   : gpio.obj (.const:g_ppui32GPIOIntMapSnowflake)
                  00000ebc    00000090                   : gpio.obj (.const:g_pui32GPIOBaseAddrs)
                  00000f4c    00000070                   : interrupt.obj (.const)
                  00000fbc    0000006c                   : sysctl.obj (.const:g_pui32Xtals)

.cinit     0    00001028    0000003c     
                  00001028    00000016     (.cinit..data.load) [load image, compression = rle]
                  0000103e    00000002     --HOLE-- [fill = 0]
                  00001040    0000000b     (.cinit..vtable.load) [load image, compression = rle]
                  0000104b    00000001     --HOLE-- [fill = 0]
                  0000104c    00000008     (__TI_handler_table)
                  00001054    00000010     (__TI_cinit_table)

.init_array 
*          0    00000000    00000000     UNINITIALIZED

.vtable    0    20000000    0000026c     UNINITIALIZED
                  20000000    0000026c     driverlib.lib : interrupt.obj (.vtable)

.stack     0    2000026c    00000200     UNINITIALIZED
                  2000026c    00000200     --HOLE--

.data      0    2000046c    00000018     UNINITIALIZED
                  2000046c    0000000c     rtsv7M4_T_le_v4SPD16_eabi.lib : exit.obj (.data:$O1$$)
                  20000478    00000008                                   : _lock.obj (.data:$O1$$)
                  20000480    00000004                                   : stkdepth_vars.obj (.data)

MODULE SUMMARY

       Module                         code   ro data   rw data
       ------                         ----   -------   -------
    .\
       tm4c123gh6pm_startup_ccs.obj   12     620       0      
       main.obj                       380    0         0      
    +--+------------------------------+------+---------+---------+
       Total:                         392    620       0      
                                                              
    C:\ti\ccsv6\tools\compiler\arm_15.12.3.LTS\lib\rtsv7M4_T_le_v4SPD16_eabi.lib
       memcpy_t2.obj                  156    0         0      
       memset_t2.obj                  122    0         0      
       autoinit.obj                   112    0         0      
       copy_decompress_rle.obj        112    0         0      
       exit.obj                       84     0         12     
       boot.obj                       84     0         0      
       cpy_tbl.obj                    76     0         0      
       _lock.obj                      20     0         8      
       args_main.obj                  24     0         0      
       copy_decompress_none.obj       14     0         0      
       pre_init.obj                   4      0         0      
       stkdepth_vars.obj              0      0         4      
       mpu_init.obj                   2      0         0      
       startup.obj                    2      0         0      
    +--+------------------------------+------+---------+---------+
       Total:                         812    0         24     
                                                              
    D:/ti/TivaWare_C_Series-2.1.1.71/driverlib/ccs/Debug/driverlib.lib
       gpio.obj                       684    528       0      
       interrupt.obj                  172    112       620    
       sysctl.obj                     566    108       0      
       uart.obj                       124    0         0      
       cpu.obj                        12     0         0      
    +--+------------------------------+------+---------+---------+
       Total:                         1558   748       620    
                                                              
       Stack:                         0      0         512    
       Linker Generated:              0      57        0      
    +--+------------------------------+------+---------+---------+
       Grand Total:                   2762   1425      1156   


LINKER GENERATED COPY TABLES

__TI_cinit_table @ 00001054 records: 2, size/record: 8, table size: 16
	.data: load addr=00001028, load size=00000016 bytes, run addr=2000046c, run size=00000018 bytes, compression=rle
	.vtable: load addr=00001040, load size=0000000b bytes, run addr=20000000, run size=0000026c bytes, compression=rle


LINKER GENERATED HANDLER TABLE

__TI_handler_table @ 0000104c records: 2, size/record: 4, table size: 8
	index: 0, handler: __TI_decompress_rle24
	index: 1, handler: __TI_decompress_none


GLOBAL SYMBOLS: SORTED ALPHABETICALLY BY Name 

address   name                           
-------   ----                           
0000028d  Button                         
00000a1d  C$$EXIT                        
00000cf9  CPUcpsie                       
00000bf1  GPIODirModeSet                 
00000d27  GPIOIntClear                   
00000d05  GPIOIntEnable                  
00000c39  GPIOIntRegister                
00000cdd  GPIOIntStatus                  
00000971  GPIOIntTypeSet                 
000003e9  GPIOPadConfigSet               
00000abd  GPIOPinConfigure               
00000ca9  GPIOPinTypeGPIOInput           
00000c51  GPIOPinTypeGPIOOutput          
00000cbb  GPIOPinTypeUART                
00000909  IntEnable                      
00000ccd  IntMasterEnable                
00000b89  IntRegister                    
00000d11  ResetISR                       
UNDEFED   SHT$$INIT_ARRAY$$Base          
UNDEFED   SHT$$INIT_ARRAY$$Limit         
00000519  SysCtlClockGet                 
00000625  SysCtlClockSet                 
00000d2d  SysCtlDelay                    
00000bbd  SysCtlPeripheralEnable         
00000d1d  UARTCharPut                    
00000b05  UARTConfigSetExpClk            
00000c1d  UARTDisable                    
00000c81  UARTEnable                     
0000026d  UARTStringPut                  
2000046c  __STACK_END                    
00000200  __STACK_SIZE                   
2000046c  __STACK_TOP                    
00001054  __TI_CINIT_Base                
00001064  __TI_CINIT_Limit               
0000104c  __TI_Handler_Table_Base        
00001054  __TI_Handler_Table_Limit       
0000082d  __TI_auto_init                 
2000046c  __TI_cleanup_ptr               
00000ceb  __TI_decompress_none           
00000d33  __TI_decompress_rle24          
20000470  __TI_dtors_ptr                 
20000474  __TI_enable_exit_profile_output
ffffffff  __TI_pprof_out_hndl            
ffffffff  __TI_prof_data_size            
ffffffff  __TI_prof_data_start           
00000000  __TI_static_base__             
000007b1  __aeabi_memclr                 
000007b1  __aeabi_memclr4                
000007b1  __aeabi_memclr8                
00000715  __aeabi_memcpy                 
00000715  __aeabi_memcpy4                
00000715  __aeabi_memcpy8                
000007b3  __aeabi_memset                 
000007b3  __aeabi_memset4                
000007b3  __aeabi_memset8                
ffffffff  __binit__                      
ffffffff  __c_args__                     
0000082b  __mpu_init                     
2000026c  __stack                        
00000c69  _args_main                     
000009c9  _c_int00                       
20000478  _lock                          
00000ca3  _nop                           
00000c9b  _register_lock                 
00000c95  _register_unlock               
00000907  _system_post_cinit             
00000d39  _system_pre_init               
2000047c  _unlock                        
00000a21  abort                          
ffffffff  binit                          
00000a71  copy_in                        
00000a29  exit                           
20000000  g_pfnRAMVectors                
00000000  g_pfnVectors                   
000002e1  main                           
20000480  main_func_sp                   
00000715  memcpy                         
000007b9  memset                         


GLOBAL SYMBOLS: SORTED BY Symbol Address 

address   name                           
-------   ----                           
00000000  __TI_static_base__             
00000000  g_pfnVectors                   
00000200  __STACK_SIZE                   
0000026d  UARTStringPut                  
0000028d  Button                         
000002e1  main                           
000003e9  GPIOPadConfigSet               
00000519  SysCtlClockGet                 
00000625  SysCtlClockSet                 
00000715  __aeabi_memcpy                 
00000715  __aeabi_memcpy4                
00000715  __aeabi_memcpy8                
00000715  memcpy                         
000007b1  __aeabi_memclr                 
000007b1  __aeabi_memclr4                
000007b1  __aeabi_memclr8                
000007b3  __aeabi_memset                 
000007b3  __aeabi_memset4                
000007b3  __aeabi_memset8                
000007b9  memset                         
0000082b  __mpu_init                     
0000082d  __TI_auto_init                 
00000907  _system_post_cinit             
00000909  IntEnable                      
00000971  GPIOIntTypeSet                 
000009c9  _c_int00                       
00000a1d  C$$EXIT                        
00000a21  abort                          
00000a29  exit                           
00000a71  copy_in                        
00000abd  GPIOPinConfigure               
00000b05  UARTConfigSetExpClk            
00000b89  IntRegister                    
00000bbd  SysCtlPeripheralEnable         
00000bf1  GPIODirModeSet                 
00000c1d  UARTDisable                    
00000c39  GPIOIntRegister                
00000c51  GPIOPinTypeGPIOOutput          
00000c69  _args_main                     
00000c81  UARTEnable                     
00000c95  _register_unlock               
00000c9b  _register_lock                 
00000ca3  _nop                           
00000ca9  GPIOPinTypeGPIOInput           
00000cbb  GPIOPinTypeUART                
00000ccd  IntMasterEnable                
00000cdd  GPIOIntStatus                  
00000ceb  __TI_decompress_none           
00000cf9  CPUcpsie                       
00000d05  GPIOIntEnable                  
00000d11  ResetISR                       
00000d1d  UARTCharPut                    
00000d27  GPIOIntClear                   
00000d2d  SysCtlDelay                    
00000d33  __TI_decompress_rle24          
00000d39  _system_pre_init               
0000104c  __TI_Handler_Table_Base        
00001054  __TI_CINIT_Base                
00001054  __TI_Handler_Table_Limit       
00001064  __TI_CINIT_Limit               
20000000  g_pfnRAMVectors                
2000026c  __stack                        
2000046c  __STACK_END                    
2000046c  __STACK_TOP                    
2000046c  __TI_cleanup_ptr               
20000470  __TI_dtors_ptr                 
20000474  __TI_enable_exit_profile_output
20000478  _lock                          
2000047c  _unlock                        
20000480  main_func_sp                   
ffffffff  __TI_pprof_out_hndl            
ffffffff  __TI_prof_data_size            
ffffffff  __TI_prof_data_start           
ffffffff  __binit__                      
ffffffff  __c_args__                     
ffffffff  binit                          
UNDEFED   SHT$$INIT_ARRAY$$Base          
UNDEFED   SHT$$INIT_ARRAY$$Limit         

[78 symbols]
