******************************************************************************
                  TI ARM Linker PC v15.12.3                    
******************************************************************************
>> Linked Fri Aug 05 15:03:46 2016

OUTPUT FILE NAME:   <TivaC_4_UART_BT.out>
ENTRY POINT SYMBOL: "_c_int00"  address: 000008b9


MEMORY CONFIGURATION

         name            origin    length      used     unused   attr    fill
----------------------  --------  ---------  --------  --------  ----  --------
  FLASH                 00000000   00040000  00000e3e  0003f1c2  R  X
  SRAM                  20000000   00008000  00000484  00007b7c  RW X


SEGMENT ALLOCATION MAP

run origin  load origin   length   init length attrs members
----------  ----------- ---------- ----------- ----- -------
00000000    00000000    00000e44   00000e44    r-x
  00000000    00000000    0000026c   0000026c    r-- .intvecs
  0000026c    0000026c    000009aa   000009aa    r-x .text
  00000c18    00000c18    000001ec   000001ec    r-- .const
  00000e08    00000e08    0000003c   0000003c    r-- .cinit
20000000    20000000    00000484   00000000    rw-
  20000000    20000000    0000026c   00000000    rw- .vtable
  2000026c    2000026c    00000200   00000000    rw- .stack
  2000046c    2000046c    00000018   00000000    rw- .data


SECTION ALLOCATION MAP

 output                                  attributes/
section   page    origin      length       input sections
--------  ----  ----------  ----------   ----------------
.intvecs   0    00000000    0000026c     
                  00000000    0000026c     tm4c123gh6pm_startup_ccs.obj (.intvecs)

.text      0    0000026c    000009aa     
                  0000026c    00000130     driverlib.lib : gpio.obj (.text:GPIOPadConfigSet)
                  0000039c    0000010c                   : sysctl.obj (.text:SysCtlClockGet)
                  000004a8    000000f0                   : sysctl.obj (.text:SysCtlClockSet)
                  00000598    000000c4     main.obj (.text)
                  0000065c    0000009c     rtsv7M4_T_le_v4SPD16_eabi.lib : memcpy_t2.obj (.text)
                  000006f8    0000007a                                   : memset_t2.obj (.text)
                  00000772    00000002                                   : mpu_init.obj (.text)
                  00000774    00000070                                   : autoinit.obj (.text)
                  000007e4    0000006a                                   : copy_decompress_rle.obj (.text)
                  0000084e    00000002                                   : startup.obj (.text)
                  00000850    00000068     driverlib.lib : interrupt.obj (.text:IntEnable)
                  000008b8    00000054     rtsv7M4_T_le_v4SPD16_eabi.lib : boot.obj (.text)
                  0000090c    00000054                                   : exit.obj (.text)
                  00000960    0000004c                                   : cpy_tbl.obj (.text)
                  000009ac    00000048     driverlib.lib : gpio.obj (.text:GPIOPinConfigure)
                  000009f4    00000042                   : uart.obj (.text:UARTConfigSetExpClk)
                  00000a36    00000002     --HOLE-- [fill = 0]
                  00000a38    00000040                   : uart.obj (.text:_UARTIntNumberGet)
                  00000a78    00000034                   : interrupt.obj (.text:IntRegister)
                  00000aac    00000034                   : sysctl.obj (.text:SysCtlPeripheralEnable)
                  00000ae0    0000002a                   : gpio.obj (.text:GPIODirModeSet)
                  00000b0a    00000002     --HOLE-- [fill = 0]
                  00000b0c    0000001c                   : uart.obj (.text:UARTDisable)
                  00000b28    00000018                   : gpio.obj (.text:GPIOPinTypeGPIOOutput)
                  00000b40    00000018                   : uart.obj (.text:UARTIntRegister)
                  00000b58    00000018     rtsv7M4_T_le_v4SPD16_eabi.lib : args_main.obj (.text)
                  00000b70    00000014     driverlib.lib : uart.obj (.text:UARTEnable)
                  00000b84    00000014     rtsv7M4_T_le_v4SPD16_eabi.lib : _lock.obj (.text)
                  00000b98    00000012     driverlib.lib : gpio.obj (.text:GPIOPinTypeUART)
                  00000baa    00000010                   : interrupt.obj (.text:IntMasterEnable)
                  00000bba    0000000e     rtsv7M4_T_le_v4SPD16_eabi.lib : copy_decompress_none.obj (.text:decompress:none)
                  00000bc8    0000000c     driverlib.lib : cpu.obj (.text:CPUcpsie)
                  00000bd4    0000000c     tm4c123gh6pm_startup_ccs.obj (.text)
                  00000be0    0000000a     driverlib.lib : uart.obj (.text:UARTCharPut)
                  00000bea    0000000a                   : uart.obj (.text:UARTIntStatus)
                  00000bf4    00000008                   : uart.obj (.text:UARTIntEnable)
                  00000bfc    00000006                   : gpio.obj (.text:GPIOPinWrite)
                  00000c02    00000006                   : sysctl.obj (.text:SysCtlDelay)
                  00000c08    00000006     rtsv7M4_T_le_v4SPD16_eabi.lib : copy_decompress_rle.obj (.text:decompress:rle24)
                  00000c0e    00000004     driverlib.lib : uart.obj (.text:UARTIntClear)
                  00000c12    00000004     rtsv7M4_T_le_v4SPD16_eabi.lib : pre_init.obj (.text)

.const     0    00000c18    000001ec     
                  00000c18    00000090     driverlib.lib : gpio.obj (.const:g_pui32GPIOBaseAddrs)
                  00000ca8    00000070                   : interrupt.obj (.const)
                  00000d18    0000006c                   : sysctl.obj (.const:g_pui32Xtals)
                  00000d84    00000040                   : uart.obj (.const:g_ppui32UARTIntMap)
                  00000dc4    00000040                   : uart.obj (.const:g_ppui32UARTIntMapSnowflake)

.cinit     0    00000e08    0000003c     
                  00000e08    00000016     (.cinit..data.load) [load image, compression = rle]
                  00000e1e    00000002     --HOLE-- [fill = 0]
                  00000e20    0000000b     (.cinit..vtable.load) [load image, compression = rle]
                  00000e2b    00000001     --HOLE-- [fill = 0]
                  00000e2c    00000008     (__TI_handler_table)
                  00000e34    00000010     (__TI_cinit_table)

.init_array 
*          0    00000000    00000000     UNINITIALIZED

.vtable    0    20000000    0000026c     UNINITIALIZED
                  20000000    0000026c     driverlib.lib : interrupt.obj (.vtable)

.stack     0    2000026c    00000200     UNINITIALIZED
                  2000026c    00000200     --HOLE--

.data      0    2000046c    00000018     UNINITIALIZED
                  2000046c    0000000c     rtsv7M4_T_le_v4SPD16_eabi.lib : exit.obj (.data:$O1$$)
                  20000478    00000008                                   : _lock.obj (.data:$O1$$)
                  20000480    00000004                                   : stkdepth_vars.obj (.data)

MODULE SUMMARY

       Module                         code   ro data   rw data
       ------                         ----   -------   -------
    .\
       tm4c123gh6pm_startup_ccs.obj   12     620       0      
       main.obj                       196    0         0      
    +--+------------------------------+------+---------+---------+
       Total:                         208    620       0      
                                                              
    C:\ti\ccsv6\tools\compiler\arm_15.12.3.LTS\lib\rtsv7M4_T_le_v4SPD16_eabi.lib
       memcpy_t2.obj                  156    0         0      
       memset_t2.obj                  122    0         0      
       autoinit.obj                   112    0         0      
       copy_decompress_rle.obj        112    0         0      
       exit.obj                       84     0         12     
       boot.obj                       84     0         0      
       cpy_tbl.obj                    76     0         0      
       _lock.obj                      20     0         8      
       args_main.obj                  24     0         0      
       copy_decompress_none.obj       14     0         0      
       pre_init.obj                   4      0         0      
       stkdepth_vars.obj              0      0         4      
       mpu_init.obj                   2      0         0      
       startup.obj                    2      0         0      
    +--+------------------------------+------+---------+---------+
       Total:                         812    0         24     
                                                              
    D:/ti/TivaWare_C_Series-2.1.1.71/driverlib/ccs/Debug/driverlib.lib
       interrupt.obj                  172    112       620    
       sysctl.obj                     566    108       0      
       gpio.obj                       466    144       0      
       uart.obj                       234    128       0      
       cpu.obj                        12     0         0      
    +--+------------------------------+------+---------+---------+
       Total:                         1450   492       620    
                                                              
       Stack:                         0      0         512    
       Linker Generated:              0      57        0      
    +--+------------------------------+------+---------+---------+
       Grand Total:                   2470   1169      1156   


LINKER GENERATED COPY TABLES

__TI_cinit_table @ 00000e34 records: 2, size/record: 8, table size: 16
	.data: load addr=00000e08, load size=00000016 bytes, run addr=2000046c, run size=00000018 bytes, compression=rle
	.vtable: load addr=00000e20, load size=0000000b bytes, run addr=20000000, run size=0000026c bytes, compression=rle


LINKER GENERATED HANDLER TABLE

__TI_handler_table @ 00000e2c records: 2, size/record: 4, table size: 8
	index: 0, handler: __TI_decompress_rle24
	index: 1, handler: __TI_decompress_none


GLOBAL SYMBOLS: SORTED ALPHABETICALLY BY Name 

address   name                           
-------   ----                           
0000090d  C$$EXIT                        
00000bc9  CPUcpsie                       
00000ae1  GPIODirModeSet                 
0000026d  GPIOPadConfigSet               
000009ad  GPIOPinConfigure               
00000b29  GPIOPinTypeGPIOOutput          
00000b99  GPIOPinTypeUART                
00000bfd  GPIOPinWrite                   
00000851  IntEnable                      
00000bab  IntMasterEnable                
00000a79  IntRegister                    
00000bd5  ResetISR                       
00000621  RxInt                          
UNDEFED   SHT$$INIT_ARRAY$$Base          
UNDEFED   SHT$$INIT_ARRAY$$Limit         
0000039d  SysCtlClockGet                 
000004a9  SysCtlClockSet                 
00000c03  SysCtlDelay                    
00000aad  SysCtlPeripheralEnable         
00000be1  UARTCharPut                    
000009f5  UARTConfigSetExpClk            
00000b0d  UARTDisable                    
00000b71  UARTEnable                     
00000c0f  UARTIntClear                   
00000bf5  UARTIntEnable                  
00000b41  UARTIntRegister                
00000beb  UARTIntStatus                  
00000599  UARTStringPut                  
2000046c  __STACK_END                    
00000200  __STACK_SIZE                   
2000046c  __STACK_TOP                    
00000e34  __TI_CINIT_Base                
00000e44  __TI_CINIT_Limit               
00000e2c  __TI_Handler_Table_Base        
00000e34  __TI_Handler_Table_Limit       
00000775  __TI_auto_init                 
2000046c  __TI_cleanup_ptr               
00000bbb  __TI_decompress_none           
00000c09  __TI_decompress_rle24          
20000470  __TI_dtors_ptr                 
20000474  __TI_enable_exit_profile_output
ffffffff  __TI_pprof_out_hndl            
ffffffff  __TI_prof_data_size            
ffffffff  __TI_prof_data_start           
00000000  __TI_static_base__             
000006f9  __aeabi_memclr                 
000006f9  __aeabi_memclr4                
000006f9  __aeabi_memclr8                
0000065d  __aeabi_memcpy                 
0000065d  __aeabi_memcpy4                
0000065d  __aeabi_memcpy8                
000006fb  __aeabi_memset                 
000006fb  __aeabi_memset4                
000006fb  __aeabi_memset8                
ffffffff  __binit__                      
ffffffff  __c_args__                     
00000773  __mpu_init                     
2000026c  __stack                        
00000b59  _args_main                     
000008b9  _c_int00                       
20000478  _lock                          
00000b93  _nop                           
00000b8b  _register_lock                 
00000b85  _register_unlock               
0000084f  _system_post_cinit             
00000c13  _system_pre_init               
2000047c  _unlock                        
00000911  abort                          
ffffffff  binit                          
00000961  copy_in                        
00000919  exit                           
20000000  g_pfnRAMVectors                
00000000  g_pfnVectors                   
000005b9  main                           
20000480  main_func_sp                   
0000065d  memcpy                         
00000701  memset                         


GLOBAL SYMBOLS: SORTED BY Symbol Address 

address   name                           
-------   ----                           
00000000  __TI_static_base__             
00000000  g_pfnVectors                   
00000200  __STACK_SIZE                   
0000026d  GPIOPadConfigSet               
0000039d  SysCtlClockGet                 
000004a9  SysCtlClockSet                 
00000599  UARTStringPut                  
000005b9  main                           
00000621  RxInt                          
0000065d  __aeabi_memcpy                 
0000065d  __aeabi_memcpy4                
0000065d  __aeabi_memcpy8                
0000065d  memcpy                         
000006f9  __aeabi_memclr                 
000006f9  __aeabi_memclr4                
000006f9  __aeabi_memclr8                
000006fb  __aeabi_memset                 
000006fb  __aeabi_memset4                
000006fb  __aeabi_memset8                
00000701  memset                         
00000773  __mpu_init                     
00000775  __TI_auto_init                 
0000084f  _system_post_cinit             
00000851  IntEnable                      
000008b9  _c_int00                       
0000090d  C$$EXIT                        
00000911  abort                          
00000919  exit                           
00000961  copy_in                        
000009ad  GPIOPinConfigure               
000009f5  UARTConfigSetExpClk            
00000a79  IntRegister                    
00000aad  SysCtlPeripheralEnable         
00000ae1  GPIODirModeSet                 
00000b0d  UARTDisable                    
00000b29  GPIOPinTypeGPIOOutput          
00000b41  UARTIntRegister                
00000b59  _args_main                     
00000b71  UARTEnable                     
00000b85  _register_unlock               
00000b8b  _register_lock                 
00000b93  _nop                           
00000b99  GPIOPinTypeUART                
00000bab  IntMasterEnable                
00000bbb  __TI_decompress_none           
00000bc9  CPUcpsie                       
00000bd5  ResetISR                       
00000be1  UARTCharPut                    
00000beb  UARTIntStatus                  
00000bf5  UARTIntEnable                  
00000bfd  GPIOPinWrite                   
00000c03  SysCtlDelay                    
00000c09  __TI_decompress_rle24          
00000c0f  UARTIntClear                   
00000c13  _system_pre_init               
00000e2c  __TI_Handler_Table_Base        
00000e34  __TI_CINIT_Base                
00000e34  __TI_Handler_Table_Limit       
00000e44  __TI_CINIT_Limit               
20000000  g_pfnRAMVectors                
2000026c  __stack                        
2000046c  __STACK_END                    
2000046c  __STACK_TOP                    
2000046c  __TI_cleanup_ptr               
20000470  __TI_dtors_ptr                 
20000474  __TI_enable_exit_profile_output
20000478  _lock                          
2000047c  _unlock                        
20000480  main_func_sp                   
ffffffff  __TI_pprof_out_hndl            
ffffffff  __TI_prof_data_size            
ffffffff  __TI_prof_data_start           
ffffffff  __binit__                      
ffffffff  __c_args__                     
ffffffff  binit                          
UNDEFED   SHT$$INIT_ARRAY$$Base          
UNDEFED   SHT$$INIT_ARRAY$$Limit         

[77 symbols]
