******************************************************************************
                  TI ARM Linker PC v15.12.3                    
******************************************************************************
>> Linked Fri Aug 12 15:45:50 2016

OUTPUT FILE NAME:   <TivaC_5_UART_BT.out>
ENTRY POINT SYMBOL: "_c_int00"  address: 00000939


MEMORY CONFIGURATION

         name            origin    length      used     unused   attr    fill
----------------------  --------  ---------  --------  --------  ----  --------
  FLASH                 00000000   00040000  00000ecc  0003f134  R  X
  SRAM                  20000000   00008000  00000484  00007b7c  RW X


SEGMENT ALLOCATION MAP

run origin  load origin   length   init length attrs members
----------  ----------- ---------- ----------- ----- -------
00000000    00000000    00000ecc   00000ecc    r-x
  00000000    00000000    0000026c   0000026c    r-- .intvecs
  0000026c    0000026c    00000a38   00000a38    r-x .text
  00000ca4    00000ca4    000001ec   000001ec    r-- .const
  00000e90    00000e90    0000003c   0000003c    r-- .cinit
20000000    20000000    00000484   00000000    rw-
  20000000    20000000    0000026c   00000000    rw- .vtable
  2000026c    2000026c    00000200   00000000    rw- .stack
  2000046c    2000046c    00000018   00000000    rw- .data


SECTION ALLOCATION MAP

 output                                  attributes/
section   page    origin      length       input sections
--------  ----  ----------  ----------   ----------------
.intvecs   0    00000000    0000026c     
                  00000000    0000026c     tm4c123gh6pm_startup_ccs.obj (.intvecs)

.text      0    0000026c    00000a38     
                  0000026c    00000144     main.obj (.text)
                  000003b0    00000130     driverlib.lib : gpio.obj (.text:GPIOPadConfigSet)
                  000004e0    0000010c                   : sysctl.obj (.text:SysCtlClockGet)
                  000005ec    000000f0                   : sysctl.obj (.text:SysCtlClockSet)
                  000006dc    0000009c     rtsv7M4_T_le_v4SPD16_eabi.lib : memcpy_t2.obj (.text)
                  00000778    0000007a                                   : memset_t2.obj (.text)
                  000007f2    00000002                                   : mpu_init.obj (.text)
                  000007f4    00000070                                   : autoinit.obj (.text)
                  00000864    0000006a                                   : copy_decompress_rle.obj (.text)
                  000008ce    00000002                                   : startup.obj (.text)
                  000008d0    00000068     driverlib.lib : interrupt.obj (.text:IntEnable)
                  00000938    00000054     rtsv7M4_T_le_v4SPD16_eabi.lib : boot.obj (.text)
                  0000098c    00000054                                   : exit.obj (.text)
                  000009e0    0000004c                                   : cpy_tbl.obj (.text)
                  00000a2c    00000048     driverlib.lib : gpio.obj (.text:GPIOPinConfigure)
                  00000a74    00000042                   : uart.obj (.text:UARTConfigSetExpClk)
                  00000ab6    00000002     --HOLE-- [fill = 0]
                  00000ab8    00000040                   : uart.obj (.text:_UARTIntNumberGet)
                  00000af8    00000034                   : interrupt.obj (.text:IntRegister)
                  00000b2c    00000034                   : sysctl.obj (.text:SysCtlPeripheralEnable)
                  00000b60    0000002a                   : gpio.obj (.text:GPIODirModeSet)
                  00000b8a    00000002     --HOLE-- [fill = 0]
                  00000b8c    0000001c                   : uart.obj (.text:UARTDisable)
                  00000ba8    00000018                   : gpio.obj (.text:GPIOPinTypeGPIOOutput)
                  00000bc0    00000018                   : uart.obj (.text:UARTIntRegister)
                  00000bd8    00000018     rtsv7M4_T_le_v4SPD16_eabi.lib : args_main.obj (.text)
                  00000bf0    00000014     driverlib.lib : uart.obj (.text:UARTEnable)
                  00000c04    00000014     rtsv7M4_T_le_v4SPD16_eabi.lib : _lock.obj (.text)
                  00000c18    00000012     driverlib.lib : gpio.obj (.text:GPIOPinTypeUART)
                  00000c2a    00000010                   : interrupt.obj (.text:IntMasterEnable)
                  00000c3a    0000000e                   : uart.obj (.text:UARTCharGetNonBlocking)
                  00000c48    0000000e     rtsv7M4_T_le_v4SPD16_eabi.lib : copy_decompress_none.obj (.text:decompress:none)
                  00000c56    0000000c     driverlib.lib : cpu.obj (.text:CPUcpsie)
                  00000c62    0000000c     tm4c123gh6pm_startup_ccs.obj (.text)
                  00000c6e    0000000a     driverlib.lib : uart.obj (.text:UARTCharPut)
                  00000c78    0000000a                   : uart.obj (.text:UARTIntStatus)
                  00000c82    00000008                   : uart.obj (.text:UARTIntEnable)
                  00000c8a    00000006                   : gpio.obj (.text:GPIOPinWrite)
                  00000c90    00000006                   : sysctl.obj (.text:SysCtlDelay)
                  00000c96    00000006     rtsv7M4_T_le_v4SPD16_eabi.lib : copy_decompress_rle.obj (.text:decompress:rle24)
                  00000c9c    00000004     driverlib.lib : uart.obj (.text:UARTIntClear)
                  00000ca0    00000004     rtsv7M4_T_le_v4SPD16_eabi.lib : pre_init.obj (.text)

.const     0    00000ca4    000001ec     
                  00000ca4    00000090     driverlib.lib : gpio.obj (.const:g_pui32GPIOBaseAddrs)
                  00000d34    00000070                   : interrupt.obj (.const)
                  00000da4    0000006c                   : sysctl.obj (.const:g_pui32Xtals)
                  00000e10    00000040                   : uart.obj (.const:g_ppui32UARTIntMap)
                  00000e50    00000040                   : uart.obj (.const:g_ppui32UARTIntMapSnowflake)

.cinit     0    00000e90    0000003c     
                  00000e90    00000016     (.cinit..data.load) [load image, compression = rle]
                  00000ea6    00000002     --HOLE-- [fill = 0]
                  00000ea8    0000000b     (.cinit..vtable.load) [load image, compression = rle]
                  00000eb3    00000001     --HOLE-- [fill = 0]
                  00000eb4    00000008     (__TI_handler_table)
                  00000ebc    00000010     (__TI_cinit_table)

.init_array 
*          0    00000000    00000000     UNINITIALIZED

.vtable    0    20000000    0000026c     UNINITIALIZED
                  20000000    0000026c     driverlib.lib : interrupt.obj (.vtable)

.stack     0    2000026c    00000200     UNINITIALIZED
                  2000026c    00000200     --HOLE--

.data      0    2000046c    00000018     UNINITIALIZED
                  2000046c    0000000c     rtsv7M4_T_le_v4SPD16_eabi.lib : exit.obj (.data:$O1$$)
                  20000478    00000008                                   : _lock.obj (.data:$O1$$)
                  20000480    00000004                                   : stkdepth_vars.obj (.data)

MODULE SUMMARY

       Module                         code   ro data   rw data
       ------                         ----   -------   -------
    .\
       tm4c123gh6pm_startup_ccs.obj   12     620       0      
       main.obj                       324    0         0      
    +--+------------------------------+------+---------+---------+
       Total:                         336    620       0      
                                                              
    C:\ti\ccsv6\tools\compiler\arm_15.12.3.LTS\lib\rtsv7M4_T_le_v4SPD16_eabi.lib
       memcpy_t2.obj                  156    0         0      
       memset_t2.obj                  122    0         0      
       autoinit.obj                   112    0         0      
       copy_decompress_rle.obj        112    0         0      
       exit.obj                       84     0         12     
       boot.obj                       84     0         0      
       cpy_tbl.obj                    76     0         0      
       _lock.obj                      20     0         8      
       args_main.obj                  24     0         0      
       copy_decompress_none.obj       14     0         0      
       pre_init.obj                   4      0         0      
       stkdepth_vars.obj              0      0         4      
       mpu_init.obj                   2      0         0      
       startup.obj                    2      0         0      
    +--+------------------------------+------+---------+---------+
       Total:                         812    0         24     
                                                              
    D:/ti/TivaWare_C_Series-2.1.1.71/driverlib/ccs/Debug/driverlib.lib
       interrupt.obj                  172    112       620    
       sysctl.obj                     566    108       0      
       gpio.obj                       466    144       0      
       uart.obj                       248    128       0      
       cpu.obj                        12     0         0      
    +--+------------------------------+------+---------+---------+
       Total:                         1464   492       620    
                                                              
       Stack:                         0      0         512    
       Linker Generated:              0      57        0      
    +--+------------------------------+------+---------+---------+
       Grand Total:                   2612   1169      1156   


LINKER GENERATED COPY TABLES

__TI_cinit_table @ 00000ebc records: 2, size/record: 8, table size: 16
	.data: load addr=00000e90, load size=00000016 bytes, run addr=2000046c, run size=00000018 bytes, compression=rle
	.vtable: load addr=00000ea8, load size=0000000b bytes, run addr=20000000, run size=0000026c bytes, compression=rle


LINKER GENERATED HANDLER TABLE

__TI_handler_table @ 00000eb4 records: 2, size/record: 4, table size: 8
	index: 0, handler: __TI_decompress_rle24
	index: 1, handler: __TI_decompress_none


GLOBAL SYMBOLS: SORTED ALPHABETICALLY BY Name 

address   name                           
-------   ----                           
0000098d  C$$EXIT                        
00000c57  CPUcpsie                       
00000b61  GPIODirModeSet                 
000003b1  GPIOPadConfigSet               
00000a2d  GPIOPinConfigure               
00000ba9  GPIOPinTypeGPIOOutput          
00000c19  GPIOPinTypeUART                
00000c8b  GPIOPinWrite                   
000008d1  IntEnable                      
00000c2b  IntMasterEnable                
00000af9  IntRegister                    
00000c63  ResetISR                       
000002fd  RxInt                          
UNDEFED   SHT$$INIT_ARRAY$$Base          
UNDEFED   SHT$$INIT_ARRAY$$Limit         
000004e1  SysCtlClockGet                 
000005ed  SysCtlClockSet                 
00000c91  SysCtlDelay                    
00000b2d  SysCtlPeripheralEnable         
00000c3b  UARTCharGetNonBlocking         
00000c6f  UARTCharPut                    
00000a75  UARTConfigSetExpClk            
00000b8d  UARTDisable                    
00000bf1  UARTEnable                     
00000c9d  UARTIntClear                   
00000c83  UARTIntEnable                  
00000bc1  UARTIntRegister                
00000c79  UARTIntStatus                  
0000026d  UARTStringPut                  
2000046c  __STACK_END                    
00000200  __STACK_SIZE                   
2000046c  __STACK_TOP                    
00000ebc  __TI_CINIT_Base                
00000ecc  __TI_CINIT_Limit               
00000eb4  __TI_Handler_Table_Base        
00000ebc  __TI_Handler_Table_Limit       
000007f5  __TI_auto_init                 
2000046c  __TI_cleanup_ptr               
00000c49  __TI_decompress_none           
00000c97  __TI_decompress_rle24          
20000470  __TI_dtors_ptr                 
20000474  __TI_enable_exit_profile_output
ffffffff  __TI_pprof_out_hndl            
ffffffff  __TI_prof_data_size            
ffffffff  __TI_prof_data_start           
00000000  __TI_static_base__             
00000779  __aeabi_memclr                 
00000779  __aeabi_memclr4                
00000779  __aeabi_memclr8                
000006dd  __aeabi_memcpy                 
000006dd  __aeabi_memcpy4                
000006dd  __aeabi_memcpy8                
0000077b  __aeabi_memset                 
0000077b  __aeabi_memset4                
0000077b  __aeabi_memset8                
ffffffff  __binit__                      
ffffffff  __c_args__                     
000007f3  __mpu_init                     
2000026c  __stack                        
00000bd9  _args_main                     
00000939  _c_int00                       
20000478  _lock                          
00000c13  _nop                           
00000c0b  _register_lock                 
00000c05  _register_unlock               
000008cf  _system_post_cinit             
00000ca1  _system_pre_init               
2000047c  _unlock                        
00000991  abort                          
ffffffff  binit                          
000009e1  copy_in                        
00000999  exit                           
20000000  g_pfnRAMVectors                
00000000  g_pfnVectors                   
0000028d  main                           
20000480  main_func_sp                   
000006dd  memcpy                         
00000781  memset                         


GLOBAL SYMBOLS: SORTED BY Symbol Address 

address   name                           
-------   ----                           
00000000  __TI_static_base__             
00000000  g_pfnVectors                   
00000200  __STACK_SIZE                   
0000026d  UARTStringPut                  
0000028d  main                           
000002fd  RxInt                          
000003b1  GPIOPadConfigSet               
000004e1  SysCtlClockGet                 
000005ed  SysCtlClockSet                 
000006dd  __aeabi_memcpy                 
000006dd  __aeabi_memcpy4                
000006dd  __aeabi_memcpy8                
000006dd  memcpy                         
00000779  __aeabi_memclr                 
00000779  __aeabi_memclr4                
00000779  __aeabi_memclr8                
0000077b  __aeabi_memset                 
0000077b  __aeabi_memset4                
0000077b  __aeabi_memset8                
00000781  memset                         
000007f3  __mpu_init                     
000007f5  __TI_auto_init                 
000008cf  _system_post_cinit             
000008d1  IntEnable                      
00000939  _c_int00                       
0000098d  C$$EXIT                        
00000991  abort                          
00000999  exit                           
000009e1  copy_in                        
00000a2d  GPIOPinConfigure               
00000a75  UARTConfigSetExpClk            
00000af9  IntRegister                    
00000b2d  SysCtlPeripheralEnable         
00000b61  GPIODirModeSet                 
00000b8d  UARTDisable                    
00000ba9  GPIOPinTypeGPIOOutput          
00000bc1  UARTIntRegister                
00000bd9  _args_main                     
00000bf1  UARTEnable                     
00000c05  _register_unlock               
00000c0b  _register_lock                 
00000c13  _nop                           
00000c19  GPIOPinTypeUART                
00000c2b  IntMasterEnable                
00000c3b  UARTCharGetNonBlocking         
00000c49  __TI_decompress_none           
00000c57  CPUcpsie                       
00000c63  ResetISR                       
00000c6f  UARTCharPut                    
00000c79  UARTIntStatus                  
00000c83  UARTIntEnable                  
00000c8b  GPIOPinWrite                   
00000c91  SysCtlDelay                    
00000c97  __TI_decompress_rle24          
00000c9d  UARTIntClear                   
00000ca1  _system_pre_init               
00000eb4  __TI_Handler_Table_Base        
00000ebc  __TI_CINIT_Base                
00000ebc  __TI_Handler_Table_Limit       
00000ecc  __TI_CINIT_Limit               
20000000  g_pfnRAMVectors                
2000026c  __stack                        
2000046c  __STACK_END                    
2000046c  __STACK_TOP                    
2000046c  __TI_cleanup_ptr               
20000470  __TI_dtors_ptr                 
20000474  __TI_enable_exit_profile_output
20000478  _lock                          
2000047c  _unlock                        
20000480  main_func_sp                   
ffffffff  __TI_pprof_out_hndl            
ffffffff  __TI_prof_data_size            
ffffffff  __TI_prof_data_start           
ffffffff  __binit__                      
ffffffff  __c_args__                     
ffffffff  binit                          
UNDEFED   SHT$$INIT_ARRAY$$Base          
UNDEFED   SHT$$INIT_ARRAY$$Limit         

[78 symbols]
