******************************************************************************
                  TI ARM Linker PC v15.12.3                    
******************************************************************************
>> Linked Sun Jul 17 14:34:35 2016

OUTPUT FILE NAME:   <TivaC_3,5_Counter.out>
ENTRY POINT SYMBOL: "_c_int00"  address: 00000905


MEMORY CONFIGURATION

         name            origin    length      used     unused   attr    fill
----------------------  --------  ---------  --------  --------  ----  --------
  FLASH                 00000000   00040000  00000daa  0003f256  R  X
  SRAM                  20000000   00008000  00000488  00007b78  RW X


SEGMENT ALLOCATION MAP

run origin  load origin   length   init length attrs members
----------  ----------- ---------- ----------- ----- -------
00000000    00000000    00000dac   00000dac    r-x
  00000000    00000000    0000026c   0000026c    r-- .intvecs
  0000026c    0000026c    0000096e   0000096e    r-x .text
  00000bdc    00000bdc    0000017c   0000017c    r-- .const
  00000d58    00000d58    00000054   00000054    r-- .cinit
20000000    20000000    00000488   00000000    rw-
  20000000    20000000    0000026c   00000000    rw- .vtable
  2000026c    2000026c    00000200   00000000    rw- .stack
  2000046c    2000046c    00000018   00000000    rw- .data
  20000484    20000484    00000004   00000000    rw- .bss


SECTION ALLOCATION MAP

 output                                  attributes/
section   page    origin      length       input sections
--------  ----  ----------  ----------   ----------------
.intvecs   0    00000000    0000026c     
                  00000000    0000026c     tm4c123gh6pm_startup_ccs.obj (.intvecs)

.text      0    0000026c    0000096e     
                  0000026c    00000130     driverlib.lib : gpio.obj (.text:GPIOPadConfigSet)
                  0000039c    0000010c                   : sysctl.obj (.text:SysCtlClockGet)
                  000004a8    000000f0                   : sysctl.obj (.text:SysCtlClockSet)
                  00000598    000000b0     main.obj (.text)
                  00000648    0000009c     rtsv7M4_T_le_v4SPD16_eabi.lib : memcpy_t2.obj (.text)
                  000006e4    0000007a                                   : memset_t2.obj (.text)
                  0000075e    00000002                                   : mpu_init.obj (.text)
                  00000760    00000070                                   : autoinit.obj (.text)
                  000007d0    0000006a                                   : copy_decompress_rle.obj (.text)
                  0000083a    00000002                                   : startup.obj (.text)
                  0000083c    00000068     driverlib.lib : interrupt.obj (.text:IntEnable)
                  000008a4    00000060                   : timer.obj (.text:TimerConfigure)
                  00000904    00000054     rtsv7M4_T_le_v4SPD16_eabi.lib : boot.obj (.text)
                  00000958    00000054                                   : exit.obj (.text)
                  000009ac    0000004c     driverlib.lib : timer.obj (.text:_TimerIntNumberGet)
                  000009f8    0000004c     rtsv7M4_T_le_v4SPD16_eabi.lib : cpy_tbl.obj (.text)
                  00000a44    00000034     driverlib.lib : interrupt.obj (.text:IntRegister)
                  00000a78    00000034                   : sysctl.obj (.text:SysCtlPeripheralEnable)
                  00000aac    0000002a                   : gpio.obj (.text:GPIODirModeSet)
                  00000ad6    00000018                   : gpio.obj (.text:GPIOPinTypeGPIOOutput)
                  00000aee    00000018                   : timer.obj (.text:TimerIntRegister)
                  00000b06    00000002     --HOLE-- [fill = 0]
                  00000b08    00000018     rtsv7M4_T_le_v4SPD16_eabi.lib : args_main.obj (.text)
                  00000b20    00000016     driverlib.lib : timer.obj (.text:TimerControlEvent)
                  00000b36    00000002     --HOLE-- [fill = 0]
                  00000b38    00000014     rtsv7M4_T_le_v4SPD16_eabi.lib : _lock.obj (.text)
                  00000b4c    00000012     driverlib.lib : gpio.obj (.text:GPIOPinTypeTimer)
                  00000b5e    00000012                   : timer.obj (.text:TimerLoadSet)
                  00000b70    00000010                   : interrupt.obj (.text:IntMasterEnable)
                  00000b80    0000000e                   : timer.obj (.text:TimerEnable)
                  00000b8e    0000000e     rtsv7M4_T_le_v4SPD16_eabi.lib : copy_decompress_none.obj (.text:decompress:none)
                  00000b9c    0000000c     driverlib.lib : cpu.obj (.text:CPUcpsie)
                  00000ba8    0000000c     tm4c123gh6pm_startup_ccs.obj (.text)
                  00000bb4    0000000a     driverlib.lib : timer.obj (.text:TimerValueGet)
                  00000bbe    00000008                   : timer.obj (.text:TimerIntEnable)
                  00000bc6    00000006                   : sysctl.obj (.text:SysCtlDelay)
                  00000bcc    00000006     rtsv7M4_T_le_v4SPD16_eabi.lib : copy_decompress_rle.obj (.text:decompress:rle24)
                  00000bd2    00000004     driverlib.lib : timer.obj (.text:TimerIntClear)
                  00000bd6    00000004     rtsv7M4_T_le_v4SPD16_eabi.lib : pre_init.obj (.text)

.const     0    00000bdc    0000017c     
                  00000bdc    00000070     driverlib.lib : interrupt.obj (.const)
                  00000c4c    0000006c                   : sysctl.obj (.const:g_pui32Xtals)
                  00000cb8    00000060                   : timer.obj (.const:g_ppui32TimerIntMap)
                  00000d18    00000040                   : timer.obj (.const:g_ppui32TimerIntMapSnowflake)

.cinit     0    00000d58    00000054     
                  00000d58    00000016     (.cinit..data.load) [load image, compression = rle]
                  00000d6e    00000002     --HOLE-- [fill = 0]
                  00000d70    0000000b     (.cinit..vtable.load) [load image, compression = rle]
                  00000d7b    00000005     --HOLE-- [fill = 0]
                  00000d80    00000009     (.cinit..bss.load) [load image, compression = rle]
                  00000d89    00000003     --HOLE-- [fill = 0]
                  00000d8c    00000008     (__TI_handler_table)
                  00000d94    00000018     (__TI_cinit_table)

.init_array 
*          0    00000000    00000000     UNINITIALIZED

.vtable    0    20000000    0000026c     UNINITIALIZED
                  20000000    0000026c     driverlib.lib : interrupt.obj (.vtable)

.stack     0    2000026c    00000200     UNINITIALIZED
                  2000026c    00000200     --HOLE--

.data      0    2000046c    00000018     UNINITIALIZED
                  2000046c    0000000c     rtsv7M4_T_le_v4SPD16_eabi.lib : exit.obj (.data:$O1$$)
                  20000478    00000008                                   : _lock.obj (.data:$O1$$)
                  20000480    00000004                                   : stkdepth_vars.obj (.data)

.bss       0    20000484    00000004     UNINITIALIZED
                  20000484    00000004     (.common:n)

MODULE SUMMARY

       Module                         code   ro data   rw data
       ------                         ----   -------   -------
    .\
       tm4c123gh6pm_startup_ccs.obj   12     620       0      
       main.obj                       176    0         4      
    +--+------------------------------+------+---------+---------+
       Total:                         188    620       4      
                                                              
    C:\ti\ccsv6\tools\compiler\arm_15.12.3.LTS\lib\rtsv7M4_T_le_v4SPD16_eabi.lib
       memcpy_t2.obj                  156    0         0      
       memset_t2.obj                  122    0         0      
       autoinit.obj                   112    0         0      
       copy_decompress_rle.obj        112    0         0      
       exit.obj                       84     0         12     
       boot.obj                       84     0         0      
       cpy_tbl.obj                    76     0         0      
       _lock.obj                      20     0         8      
       args_main.obj                  24     0         0      
       copy_decompress_none.obj       14     0         0      
       pre_init.obj                   4      0         0      
       stkdepth_vars.obj              0      0         4      
       mpu_init.obj                   2      0         0      
       startup.obj                    2      0         0      
    +--+------------------------------+------+---------+---------+
       Total:                         812    0         24     
                                                              
    D:/ti/TivaWare_C_Series-2.1.1.71/driverlib/ccs/Debug/driverlib.lib
       interrupt.obj                  172    112       620    
       sysctl.obj                     566    108       0      
       timer.obj                      272    160       0      
       gpio.obj                       388    0         0      
       cpu.obj                        12     0         0      
    +--+------------------------------+------+---------+---------+
       Total:                         1410   380       620    
                                                              
       Stack:                         0      0         512    
       Linker Generated:              0      74        0      
    +--+------------------------------+------+---------+---------+
       Grand Total:                   2410   1074      1160   


LINKER GENERATED COPY TABLES

__TI_cinit_table @ 00000d94 records: 3, size/record: 8, table size: 24
	.data: load addr=00000d58, load size=00000016 bytes, run addr=2000046c, run size=00000018 bytes, compression=rle
	.vtable: load addr=00000d70, load size=0000000b bytes, run addr=20000000, run size=0000026c bytes, compression=rle
	.bss: load addr=00000d80, load size=00000009 bytes, run addr=20000484, run size=00000004 bytes, compression=rle


LINKER GENERATED HANDLER TABLE

__TI_handler_table @ 00000d8c records: 2, size/record: 4, table size: 8
	index: 0, handler: __TI_decompress_rle24
	index: 1, handler: __TI_decompress_none


GLOBAL SYMBOLS: SORTED ALPHABETICALLY BY Name 

address   name                           
-------   ----                           
00000959  C$$EXIT                        
00000b9d  CPUcpsie                       
00000aad  GPIODirModeSet                 
0000026d  GPIOPadConfigSet               
00000ad7  GPIOPinTypeGPIOOutput          
00000b4d  GPIOPinTypeTimer               
0000083d  IntEnable                      
00000b71  IntMasterEnable                
00000a45  IntRegister                    
00000ba9  ResetISR                       
UNDEFED   SHT$$INIT_ARRAY$$Base          
UNDEFED   SHT$$INIT_ARRAY$$Limit         
0000039d  SysCtlClockGet                 
000004a9  SysCtlClockSet                 
00000bc7  SysCtlDelay                    
00000a79  SysCtlPeripheralEnable         
000008a5  TimerConfigure                 
00000b21  TimerControlEvent              
00000b81  TimerEnable                    
00000bd3  TimerIntClear                  
00000bbf  TimerIntEnable                 
00000aef  TimerIntRegister               
00000b5f  TimerLoadSet                   
00000bb5  TimerValueGet                  
00000613  ToggleLed                      
2000046c  __STACK_END                    
00000200  __STACK_SIZE                   
2000046c  __STACK_TOP                    
00000d94  __TI_CINIT_Base                
00000dac  __TI_CINIT_Limit               
00000d8c  __TI_Handler_Table_Base        
00000d94  __TI_Handler_Table_Limit       
00000761  __TI_auto_init                 
2000046c  __TI_cleanup_ptr               
00000b8f  __TI_decompress_none           
00000bcd  __TI_decompress_rle24          
20000470  __TI_dtors_ptr                 
20000474  __TI_enable_exit_profile_output
ffffffff  __TI_pprof_out_hndl            
ffffffff  __TI_prof_data_size            
ffffffff  __TI_prof_data_start           
00000000  __TI_static_base__             
000006e5  __aeabi_memclr                 
000006e5  __aeabi_memclr4                
000006e5  __aeabi_memclr8                
00000649  __aeabi_memcpy                 
00000649  __aeabi_memcpy4                
00000649  __aeabi_memcpy8                
000006e7  __aeabi_memset                 
000006e7  __aeabi_memset4                
000006e7  __aeabi_memset8                
ffffffff  __binit__                      
ffffffff  __c_args__                     
0000075f  __mpu_init                     
2000026c  __stack                        
00000b09  _args_main                     
00000905  _c_int00                       
20000478  _lock                          
00000b47  _nop                           
00000b3f  _register_lock                 
00000b39  _register_unlock               
0000083b  _system_post_cinit             
00000bd7  _system_pre_init               
2000047c  _unlock                        
0000095d  abort                          
ffffffff  binit                          
000009f9  copy_in                        
00000965  exit                           
20000000  g_pfnRAMVectors                
00000000  g_pfnVectors                   
00000599  main                           
20000480  main_func_sp                   
00000649  memcpy                         
000006ed  memset                         
20000484  n                              


GLOBAL SYMBOLS: SORTED BY Symbol Address 

address   name                           
-------   ----                           
00000000  __TI_static_base__             
00000000  g_pfnVectors                   
00000200  __STACK_SIZE                   
0000026d  GPIOPadConfigSet               
0000039d  SysCtlClockGet                 
000004a9  SysCtlClockSet                 
00000599  main                           
00000613  ToggleLed                      
00000649  __aeabi_memcpy                 
00000649  __aeabi_memcpy4                
00000649  __aeabi_memcpy8                
00000649  memcpy                         
000006e5  __aeabi_memclr                 
000006e5  __aeabi_memclr4                
000006e5  __aeabi_memclr8                
000006e7  __aeabi_memset                 
000006e7  __aeabi_memset4                
000006e7  __aeabi_memset8                
000006ed  memset                         
0000075f  __mpu_init                     
00000761  __TI_auto_init                 
0000083b  _system_post_cinit             
0000083d  IntEnable                      
000008a5  TimerConfigure                 
00000905  _c_int00                       
00000959  C$$EXIT                        
0000095d  abort                          
00000965  exit                           
000009f9  copy_in                        
00000a45  IntRegister                    
00000a79  SysCtlPeripheralEnable         
00000aad  GPIODirModeSet                 
00000ad7  GPIOPinTypeGPIOOutput          
00000aef  TimerIntRegister               
00000b09  _args_main                     
00000b21  TimerControlEvent              
00000b39  _register_unlock               
00000b3f  _register_lock                 
00000b47  _nop                           
00000b4d  GPIOPinTypeTimer               
00000b5f  TimerLoadSet                   
00000b71  IntMasterEnable                
00000b81  TimerEnable                    
00000b8f  __TI_decompress_none           
00000b9d  CPUcpsie                       
00000ba9  ResetISR                       
00000bb5  TimerValueGet                  
00000bbf  TimerIntEnable                 
00000bc7  SysCtlDelay                    
00000bcd  __TI_decompress_rle24          
00000bd3  TimerIntClear                  
00000bd7  _system_pre_init               
00000d8c  __TI_Handler_Table_Base        
00000d94  __TI_CINIT_Base                
00000d94  __TI_Handler_Table_Limit       
00000dac  __TI_CINIT_Limit               
20000000  g_pfnRAMVectors                
2000026c  __stack                        
2000046c  __STACK_END                    
2000046c  __STACK_TOP                    
2000046c  __TI_cleanup_ptr               
20000470  __TI_dtors_ptr                 
20000474  __TI_enable_exit_profile_output
20000478  _lock                          
2000047c  _unlock                        
20000480  main_func_sp                   
20000484  n                              
ffffffff  __TI_pprof_out_hndl            
ffffffff  __TI_prof_data_size            
ffffffff  __TI_prof_data_start           
ffffffff  __binit__                      
ffffffff  __c_args__                     
ffffffff  binit                          
UNDEFED   SHT$$INIT_ARRAY$$Base          
UNDEFED   SHT$$INIT_ARRAY$$Limit         

[75 symbols]
