******************************************************************************
                  TI ARM Linker PC v15.12.2                    
******************************************************************************
>> Linked Mon Jun 27 13:43:09 2016

OUTPUT FILE NAME:   <TivaC_2_Interrupt_BT.out>
ENTRY POINT SYMBOL: "_c_int00"  address: 000007ed


MEMORY CONFIGURATION

         name            origin    length      used     unused   attr    fill
----------------------  --------  ---------  --------  --------  ----  --------
  FLASH                 00000000   00040000  00000cac  0003f354  R  X
  SRAM                  20000000   00008000  00000484  00007b7c  RW X


SEGMENT ALLOCATION MAP

run origin  load origin   length   init length attrs members
----------  ----------- ---------- ----------- ----- -------
00000000    00000000    00000cac   00000cac    r-x
  00000000    00000000    0000026c   0000026c    r-- .intvecs
  0000026c    0000026c    00000814   00000814    r-x .text
  00000a80    00000a80    000001f0   000001f0    r-- .const
  00000c70    00000c70    0000003c   0000003c    r-- .cinit
20000000    20000000    00000484   00000000    rw-
  20000000    20000000    0000026c   00000000    rw- .vtable
  2000026c    2000026c    00000200   00000000    rw- .stack
  2000046c    2000046c    00000018   00000000    rw- .data


SECTION ALLOCATION MAP

 output                                  attributes/
section   page    origin      length       input sections
--------  ----  ----------  ----------   ----------------
.intvecs   0    00000000    0000026c     
                  00000000    0000026c     tm4c123gh6pm_startup_ccs.obj (.intvecs)

.text      0    0000026c    00000814     
                  0000026c    00000130     driverlib.lib : gpio.obj (.text:GPIOPadConfigSet)
                  0000039c    000000f0                   : sysctl.obj (.text:SysCtlClockSet)
                  0000048c    000000ac     main.obj (.text)
                  00000538    0000009c     rtsv7M4_T_le_v4SPD16_eabi.lib : memcpy_t2.obj (.text)
                  000005d4    0000007a                                   : memset_t2.obj (.text)
                  0000064e    00000002                                   : mpu_init.obj (.text)
                  00000650    00000070                                   : autoinit.obj (.text)
                  000006c0    0000006a                                   : copy_decompress_rle.obj (.text)
                  0000072a    00000002                                   : startup.obj (.text)
                  0000072c    00000068     driverlib.lib : interrupt.obj (.text:IntEnable)
                  00000794    00000056                   : gpio.obj (.text:GPIOIntTypeSet)
                  000007ea    00000002     --HOLE-- [fill = 0]
                  000007ec    00000054     rtsv7M4_T_le_v4SPD16_eabi.lib : boot.obj (.text)
                  00000840    00000054                                   : exit.obj (.text)
                  00000894    0000004c                                   : cpy_tbl.obj (.text)
                  000008e0    00000040     driverlib.lib : gpio.obj (.text:_GPIOIntNumberGet)
                  00000920    00000034                   : interrupt.obj (.text:IntRegister)
                  00000954    00000034                   : sysctl.obj (.text:SysCtlPeripheralEnable)
                  00000988    0000002a                   : gpio.obj (.text:GPIODirModeSet)
                  000009b2    00000018                   : gpio.obj (.text:GPIOIntRegister)
                  000009ca    00000018                   : gpio.obj (.text:GPIOPinTypeGPIOOutput)
                  000009e2    00000002     --HOLE-- [fill = 0]
                  000009e4    00000018     rtsv7M4_T_le_v4SPD16_eabi.lib : args_main.obj (.text)
                  000009fc    00000014                                   : _lock.obj (.text)
                  00000a10    00000012     driverlib.lib : gpio.obj (.text:GPIOPinTypeGPIOInput)
                  00000a22    00000010                   : interrupt.obj (.text:IntMasterEnable)
                  00000a32    0000000e     rtsv7M4_T_le_v4SPD16_eabi.lib : copy_decompress_none.obj (.text:decompress:none)
                  00000a40    0000000c     driverlib.lib : cpu.obj (.text:CPUcpsie)
                  00000a4c    0000000c                   : gpio.obj (.text:GPIOIntEnable)
                  00000a58    0000000c     tm4c123gh6pm_startup_ccs.obj (.text)
                  00000a64    00000006     driverlib.lib : gpio.obj (.text:GPIOIntClear)
                  00000a6a    00000006                   : gpio.obj (.text:GPIOPinWrite)
                  00000a70    00000006                   : sysctl.obj (.text:SysCtlDelay)
                  00000a76    00000006     rtsv7M4_T_le_v4SPD16_eabi.lib : copy_decompress_rle.obj (.text:decompress:rle24)
                  00000a7c    00000004                                   : pre_init.obj (.text)

.const     0    00000a80    000001f0     
                  00000a80    000000c0     driverlib.lib : gpio.obj (.const:g_ppui32GPIOIntMapBlizzard)
                  00000b40    000000c0                   : gpio.obj (.const:g_ppui32GPIOIntMapSnowflake)
                  00000c00    00000070                   : interrupt.obj (.const)

.cinit     0    00000c70    0000003c     
                  00000c70    00000016     (.cinit..data.load) [load image, compression = rle]
                  00000c86    00000002     --HOLE-- [fill = 0]
                  00000c88    0000000b     (.cinit..vtable.load) [load image, compression = rle]
                  00000c93    00000001     --HOLE-- [fill = 0]
                  00000c94    00000008     (__TI_handler_table)
                  00000c9c    00000010     (__TI_cinit_table)

.init_array 
*          0    00000000    00000000     UNINITIALIZED

.vtable    0    20000000    0000026c     UNINITIALIZED
                  20000000    0000026c     driverlib.lib : interrupt.obj (.vtable)

.stack     0    2000026c    00000200     UNINITIALIZED
                  2000026c    00000200     --HOLE--

.data      0    2000046c    00000018     UNINITIALIZED
                  2000046c    0000000c     rtsv7M4_T_le_v4SPD16_eabi.lib : exit.obj (.data:$O1$$)
                  20000478    00000008                                   : _lock.obj (.data:$O1$$)
                  20000480    00000004                                   : stkdepth_vars.obj (.data)

MODULE SUMMARY

       Module                         code   ro data   rw data
       ------                         ----   -------   -------
    .\
       tm4c123gh6pm_startup_ccs.obj   12     620       0      
       main.obj                       172    0         0      
    +--+------------------------------+------+---------+---------+
       Total:                         184    620       0      
                                                              
    C:\ti\ccsv6\tools\compiler\arm_15.12.2.LTS\lib\rtsv7M4_T_le_v4SPD16_eabi.lib
       memcpy_t2.obj                  156    0         0      
       memset_t2.obj                  122    0         0      
       autoinit.obj                   112    0         0      
       copy_decompress_rle.obj        112    0         0      
       exit.obj                       84     0         12     
       boot.obj                       84     0         0      
       cpy_tbl.obj                    76     0         0      
       _lock.obj                      20     0         8      
       args_main.obj                  24     0         0      
       copy_decompress_none.obj       14     0         0      
       pre_init.obj                   4      0         0      
       stkdepth_vars.obj              0      0         4      
       mpu_init.obj                   2      0         0      
       startup.obj                    2      0         0      
    +--+------------------------------+------+---------+---------+
       Total:                         812    0         24     
                                                              
    D:/ti/TivaWare_C_Series-2.1.1.71/driverlib/ccs/Debug/driverlib.lib
       gpio.obj                       586    384       0      
       interrupt.obj                  172    112       620    
       sysctl.obj                     298    0         0      
       cpu.obj                        12     0         0      
    +--+------------------------------+------+---------+---------+
       Total:                         1068   496       620    
                                                              
       Stack:                         0      0         512    
       Linker Generated:              0      57        0      
    +--+------------------------------+------+---------+---------+
       Grand Total:                   2064   1173      1156   


LINKER GENERATED COPY TABLES

__TI_cinit_table @ 00000c9c records: 2, size/record: 8, table size: 16
	.data: load addr=00000c70, load size=00000016 bytes, run addr=2000046c, run size=00000018 bytes, compression=rle
	.vtable: load addr=00000c88, load size=0000000b bytes, run addr=20000000, run size=0000026c bytes, compression=rle


LINKER GENERATED HANDLER TABLE

__TI_handler_table @ 00000c94 records: 2, size/record: 4, table size: 8
	index: 0, handler: __TI_decompress_rle24
	index: 1, handler: __TI_decompress_none


GLOBAL SYMBOLS: SORTED ALPHABETICALLY BY Name 

address   name                           
-------   ----                           
00000841  C$$EXIT                        
00000a41  CPUcpsie                       
00000989  GPIODirModeSet                 
00000a65  GPIOIntClear                   
00000a4d  GPIOIntEnable                  
000009b3  GPIOIntRegister                
00000795  GPIOIntTypeSet                 
0000026d  GPIOPadConfigSet               
00000a11  GPIOPinTypeGPIOInput           
000009cb  GPIOPinTypeGPIOOutput          
00000a6b  GPIOPinWrite                   
00000507  HoldButton                     
0000072d  IntEnable                      
00000a23  IntMasterEnable                
00000921  IntRegister                    
00000a59  ResetISR                       
UNDEFED   SHT$$INIT_ARRAY$$Base          
UNDEFED   SHT$$INIT_ARRAY$$Limit         
0000039d  SysCtlClockSet                 
00000a71  SysCtlDelay                    
00000955  SysCtlPeripheralEnable         
2000046c  __STACK_END                    
00000200  __STACK_SIZE                   
2000046c  __STACK_TOP                    
00000c9c  __TI_CINIT_Base                
00000cac  __TI_CINIT_Limit               
00000c94  __TI_Handler_Table_Base        
00000c9c  __TI_Handler_Table_Limit       
00000651  __TI_auto_init                 
2000046c  __TI_cleanup_ptr               
00000a33  __TI_decompress_none           
00000a77  __TI_decompress_rle24          
20000470  __TI_dtors_ptr                 
20000474  __TI_enable_exit_profile_output
ffffffff  __TI_pprof_out_hndl            
ffffffff  __TI_prof_data_size            
ffffffff  __TI_prof_data_start           
00000000  __TI_static_base__             
000005d5  __aeabi_memclr                 
000005d5  __aeabi_memclr4                
000005d5  __aeabi_memclr8                
00000539  __aeabi_memcpy                 
00000539  __aeabi_memcpy4                
00000539  __aeabi_memcpy8                
000005d7  __aeabi_memset                 
000005d7  __aeabi_memset4                
000005d7  __aeabi_memset8                
ffffffff  __binit__                      
ffffffff  __c_args__                     
0000064f  __mpu_init                     
2000026c  __stack                        
000009e5  _args_main                     
000007ed  _c_int00                       
20000478  _lock                          
00000a0b  _nop                           
00000a03  _register_lock                 
000009fd  _register_unlock               
0000072b  _system_post_cinit             
00000a7d  _system_pre_init               
2000047c  _unlock                        
00000845  abort                          
ffffffff  binit                          
00000895  copy_in                        
0000084d  exit                           
20000000  g_pfnRAMVectors                
00000000  g_pfnVectors                   
0000048d  main                           
20000480  main_func_sp                   
00000539  memcpy                         
000005dd  memset                         


GLOBAL SYMBOLS: SORTED BY Symbol Address 

address   name                           
-------   ----                           
00000000  __TI_static_base__             
00000000  g_pfnVectors                   
00000200  __STACK_SIZE                   
0000026d  GPIOPadConfigSet               
0000039d  SysCtlClockSet                 
0000048d  main                           
00000507  HoldButton                     
00000539  __aeabi_memcpy                 
00000539  __aeabi_memcpy4                
00000539  __aeabi_memcpy8                
00000539  memcpy                         
000005d5  __aeabi_memclr                 
000005d5  __aeabi_memclr4                
000005d5  __aeabi_memclr8                
000005d7  __aeabi_memset                 
000005d7  __aeabi_memset4                
000005d7  __aeabi_memset8                
000005dd  memset                         
0000064f  __mpu_init                     
00000651  __TI_auto_init                 
0000072b  _system_post_cinit             
0000072d  IntEnable                      
00000795  GPIOIntTypeSet                 
000007ed  _c_int00                       
00000841  C$$EXIT                        
00000845  abort                          
0000084d  exit                           
00000895  copy_in                        
00000921  IntRegister                    
00000955  SysCtlPeripheralEnable         
00000989  GPIODirModeSet                 
000009b3  GPIOIntRegister                
000009cb  GPIOPinTypeGPIOOutput          
000009e5  _args_main                     
000009fd  _register_unlock               
00000a03  _register_lock                 
00000a0b  _nop                           
00000a11  GPIOPinTypeGPIOInput           
00000a23  IntMasterEnable                
00000a33  __TI_decompress_none           
00000a41  CPUcpsie                       
00000a4d  GPIOIntEnable                  
00000a59  ResetISR                       
00000a65  GPIOIntClear                   
00000a6b  GPIOPinWrite                   
00000a71  SysCtlDelay                    
00000a77  __TI_decompress_rle24          
00000a7d  _system_pre_init               
00000c94  __TI_Handler_Table_Base        
00000c9c  __TI_CINIT_Base                
00000c9c  __TI_Handler_Table_Limit       
00000cac  __TI_CINIT_Limit               
20000000  g_pfnRAMVectors                
2000026c  __stack                        
2000046c  __STACK_END                    
2000046c  __STACK_TOP                    
2000046c  __TI_cleanup_ptr               
20000470  __TI_dtors_ptr                 
20000474  __TI_enable_exit_profile_output
20000478  _lock                          
2000047c  _unlock                        
20000480  main_func_sp                   
ffffffff  __TI_pprof_out_hndl            
ffffffff  __TI_prof_data_size            
ffffffff  __TI_prof_data_start           
ffffffff  __binit__                      
ffffffff  __c_args__                     
ffffffff  binit                          
UNDEFED   SHT$$INIT_ARRAY$$Base          
UNDEFED   SHT$$INIT_ARRAY$$Limit         

[70 symbols]
