******************************************************************************
                  TI ARM Linker PC v15.12.1                    
******************************************************************************
>> Linked Tue Nov 08 13:03:46 2016

OUTPUT FILE NAME:   <TivaC_1_GPIO_P1_LED.out>
ENTRY POINT SYMBOL: "_c_int00"  address: 00000819


MEMORY CONFIGURATION

         name            origin    length      used     unused   attr    fill
----------------------  --------  ---------  --------  --------  ----  --------
  FLASH                 00000000   00040000  00000a74  0003f58c  R  X
  SRAM                  20000000   00008000  00000218  00007de8  RW X


SEGMENT ALLOCATION MAP

run origin  load origin   length   init length attrs members
----------  ----------- ---------- ----------- ----- -------
00000000    00000000    00000a78   00000a78    r-x
  00000000    00000000    0000026c   0000026c    r-- .intvecs
  0000026c    0000026c    00000774   00000774    r-x .text
  000009e0    000009e0    0000006c   0000006c    r-- .const
  00000a50    00000a50    00000028   00000028    r-- .cinit
20000000    20000000    00000218   00000000    rw-
  20000000    20000000    00000200   00000000    rw- .stack
  20000200    20000200    00000018   00000000    rw- .data


SECTION ALLOCATION MAP

 output                                  attributes/
section   page    origin      length       input sections
--------  ----  ----------  ----------   ----------------
.intvecs   0    00000000    0000026c     
                  00000000    0000026c     tm4c123gh6pm_startup_ccs.obj (.intvecs)

.text      0    0000026c    00000774     
                  0000026c    00000130     driverlib.lib : gpio.obj (.text:GPIOPadConfigSet)
                  0000039c    0000010c                   : sysctl.obj (.text:SysCtlClockGet)
                  000004a8    000000f0                   : sysctl.obj (.text:SysCtlClockSet)
                  00000598    0000009c     rtsv7M4_T_le_v4SPD16_eabi.lib : memcpy_t2.obj (.text)
                  00000634    0000008c     main.obj (.text)
                  000006c0    0000007a     rtsv7M4_T_le_v4SPD16_eabi.lib : memset_t2.obj (.text)
                  0000073a    00000002                                   : mpu_init.obj (.text)
                  0000073c    00000070                                   : autoinit.obj (.text)
                  000007ac    0000006a                                   : copy_decompress_rle.obj (.text)
                  00000816    00000002                                   : startup.obj (.text)
                  00000818    00000054                                   : boot.obj (.text)
                  0000086c    00000054                                   : exit.obj (.text)
                  000008c0    0000004c                                   : cpy_tbl.obj (.text)
                  0000090c    00000034     driverlib.lib : sysctl.obj (.text:SysCtlPeripheralEnable)
                  00000940    0000002a                   : gpio.obj (.text:GPIODirModeSet)
                  0000096a    00000018                   : gpio.obj (.text:GPIOPinTypeGPIOOutput)
                  00000982    00000002     --HOLE-- [fill = 0]
                  00000984    00000018     rtsv7M4_T_le_v4SPD16_eabi.lib : args_main.obj (.text)
                  0000099c    00000014                                   : _lock.obj (.text)
                  000009b0    0000000e                                   : copy_decompress_none.obj (.text:decompress:none)
                  000009be    0000000c     tm4c123gh6pm_startup_ccs.obj (.text)
                  000009ca    00000006     driverlib.lib : gpio.obj (.text:GPIOPinWrite)
                  000009d0    00000006                   : sysctl.obj (.text:SysCtlDelay)
                  000009d6    00000006     rtsv7M4_T_le_v4SPD16_eabi.lib : copy_decompress_rle.obj (.text:decompress:rle24)
                  000009dc    00000004                                   : pre_init.obj (.text)

.const     0    000009e0    0000006c     
                  000009e0    0000006c     driverlib.lib : sysctl.obj (.const:g_pui32Xtals)

.cinit     0    00000a50    00000028     
                  00000a50    00000016     (.cinit..data.load) [load image, compression = rle]
                  00000a66    00000002     --HOLE-- [fill = 0]
                  00000a68    00000008     (__TI_handler_table)
                  00000a70    00000008     (__TI_cinit_table)

.init_array 
*          0    00000000    00000000     UNINITIALIZED

.stack     0    20000000    00000200     UNINITIALIZED
                  20000000    00000200     --HOLE--

.data      0    20000200    00000018     UNINITIALIZED
                  20000200    0000000c     rtsv7M4_T_le_v4SPD16_eabi.lib : exit.obj (.data:$O1$$)
                  2000020c    00000008                                   : _lock.obj (.data:$O1$$)
                  20000214    00000004                                   : stkdepth_vars.obj (.data)

MODULE SUMMARY

       Module                         code   ro data   rw data
       ------                         ----   -------   -------
    .\
       tm4c123gh6pm_startup_ccs.obj   12     620       0      
       main.obj                       140    0         0      
    +--+------------------------------+------+---------+---------+
       Total:                         152    620       0      
                                                              
    C:\ti\ccsv6\tools\compiler\ti-cgt-arm_15.12.1.LTS\lib\rtsv7M4_T_le_v4SPD16_eabi.lib
       memcpy_t2.obj                  156    0         0      
       memset_t2.obj                  122    0         0      
       autoinit.obj                   112    0         0      
       copy_decompress_rle.obj        112    0         0      
       exit.obj                       84     0         12     
       boot.obj                       84     0         0      
       cpy_tbl.obj                    76     0         0      
       _lock.obj                      20     0         8      
       args_main.obj                  24     0         0      
       copy_decompress_none.obj       14     0         0      
       pre_init.obj                   4      0         0      
       stkdepth_vars.obj              0      0         4      
       mpu_init.obj                   2      0         0      
       startup.obj                    2      0         0      
    +--+------------------------------+------+---------+---------+
       Total:                         812    0         24     
                                                              
    D:/ti/TivaWare_C_Series-2.1.1.71/driverlib/ccs/Debug/driverlib.lib
       sysctl.obj                     566    108       0      
       gpio.obj                       376    0         0      
    +--+------------------------------+------+---------+---------+
       Total:                         942    108       0      
                                                              
       Stack:                         0      0         512    
       Linker Generated:              0      38        0      
    +--+------------------------------+------+---------+---------+
       Grand Total:                   1906   766       536    


LINKER GENERATED COPY TABLES

__TI_cinit_table @ 00000a70 records: 1, size/record: 8, table size: 8
	.data: load addr=00000a50, load size=00000016 bytes, run addr=20000200, run size=00000018 bytes, compression=rle


LINKER GENERATED HANDLER TABLE

__TI_handler_table @ 00000a68 records: 2, size/record: 4, table size: 8
	index: 0, handler: __TI_decompress_rle24
	index: 1, handler: __TI_decompress_none


GLOBAL SYMBOLS: SORTED ALPHABETICALLY BY Name 

address   name                           
-------   ----                           
0000086d  C$$EXIT                        
00000941  GPIODirModeSet                 
0000026d  GPIOPadConfigSet               
0000096b  GPIOPinTypeGPIOOutput          
000009cb  GPIOPinWrite                   
000009bf  ResetISR                       
UNDEFED   SHT$$INIT_ARRAY$$Base          
UNDEFED   SHT$$INIT_ARRAY$$Limit         
0000039d  SysCtlClockGet                 
000004a9  SysCtlClockSet                 
000009d1  SysCtlDelay                    
0000090d  SysCtlPeripheralEnable         
20000200  __STACK_END                    
00000200  __STACK_SIZE                   
20000200  __STACK_TOP                    
00000a70  __TI_CINIT_Base                
00000a78  __TI_CINIT_Limit               
00000a68  __TI_Handler_Table_Base        
00000a70  __TI_Handler_Table_Limit       
0000073d  __TI_auto_init                 
20000200  __TI_cleanup_ptr               
000009b1  __TI_decompress_none           
000009d7  __TI_decompress_rle24          
20000204  __TI_dtors_ptr                 
20000208  __TI_enable_exit_profile_output
ffffffff  __TI_pprof_out_hndl            
ffffffff  __TI_prof_data_size            
ffffffff  __TI_prof_data_start           
00000000  __TI_static_base__             
000006c1  __aeabi_memclr                 
000006c1  __aeabi_memclr4                
000006c1  __aeabi_memclr8                
00000599  __aeabi_memcpy                 
00000599  __aeabi_memcpy4                
00000599  __aeabi_memcpy8                
000006c3  __aeabi_memset                 
000006c3  __aeabi_memset4                
000006c3  __aeabi_memset8                
ffffffff  __binit__                      
ffffffff  __c_args__                     
0000073b  __mpu_init                     
20000000  __stack                        
00000985  _args_main                     
00000819  _c_int00                       
2000020c  _lock                          
000009ab  _nop                           
000009a3  _register_lock                 
0000099d  _register_unlock               
00000817  _system_post_cinit             
000009dd  _system_pre_init               
20000210  _unlock                        
00000871  abort                          
ffffffff  binit                          
000008c1  copy_in                        
00000879  exit                           
00000000  g_pfnVectors                   
00000635  main                           
20000214  main_func_sp                   
00000599  memcpy                         
000006c9  memset                         


GLOBAL SYMBOLS: SORTED BY Symbol Address 

address   name                           
-------   ----                           
00000000  __TI_static_base__             
00000000  g_pfnVectors                   
00000200  __STACK_SIZE                   
0000026d  GPIOPadConfigSet               
0000039d  SysCtlClockGet                 
000004a9  SysCtlClockSet                 
00000599  __aeabi_memcpy                 
00000599  __aeabi_memcpy4                
00000599  __aeabi_memcpy8                
00000599  memcpy                         
00000635  main                           
000006c1  __aeabi_memclr                 
000006c1  __aeabi_memclr4                
000006c1  __aeabi_memclr8                
000006c3  __aeabi_memset                 
000006c3  __aeabi_memset4                
000006c3  __aeabi_memset8                
000006c9  memset                         
0000073b  __mpu_init                     
0000073d  __TI_auto_init                 
00000817  _system_post_cinit             
00000819  _c_int00                       
0000086d  C$$EXIT                        
00000871  abort                          
00000879  exit                           
000008c1  copy_in                        
0000090d  SysCtlPeripheralEnable         
00000941  GPIODirModeSet                 
0000096b  GPIOPinTypeGPIOOutput          
00000985  _args_main                     
0000099d  _register_unlock               
000009a3  _register_lock                 
000009ab  _nop                           
000009b1  __TI_decompress_none           
000009bf  ResetISR                       
000009cb  GPIOPinWrite                   
000009d1  SysCtlDelay                    
000009d7  __TI_decompress_rle24          
000009dd  _system_pre_init               
00000a68  __TI_Handler_Table_Base        
00000a70  __TI_CINIT_Base                
00000a70  __TI_Handler_Table_Limit       
00000a78  __TI_CINIT_Limit               
20000000  __stack                        
20000200  __STACK_END                    
20000200  __STACK_TOP                    
20000200  __TI_cleanup_ptr               
20000204  __TI_dtors_ptr                 
20000208  __TI_enable_exit_profile_output
2000020c  _lock                          
20000210  _unlock                        
20000214  main_func_sp                   
ffffffff  __TI_pprof_out_hndl            
ffffffff  __TI_prof_data_size            
ffffffff  __TI_prof_data_start           
ffffffff  __binit__                      
ffffffff  __c_args__                     
ffffffff  binit                          
UNDEFED   SHT$$INIT_ARRAY$$Base          
UNDEFED   SHT$$INIT_ARRAY$$Limit         

[60 symbols]
