******************************************************************************
                  TI ARM Linker PC v15.12.2                    
******************************************************************************
>> Linked Sun Jun 12 17:24:31 2016

OUTPUT FILE NAME:   <TivaC_GPIO.out>
ENTRY POINT SYMBOL: "_c_int00"  address: 00000681


MEMORY CONFIGURATION

         name            origin    length      used     unused   attr    fill
----------------------  --------  ---------  --------  --------  ----  --------
  FLASH                 00000000   00040000  000008a0  0003f760  R  X
  SRAM                  20000000   00008000  00000218  00007de8  RW X


SEGMENT ALLOCATION MAP

run origin  load origin   length   init length attrs members
----------  ----------- ---------- ----------- ----- -------
00000000    00000000    000008a0   000008a0    r-x
  00000000    00000000    0000026c   0000026c    r-- .intvecs
  0000026c    0000026c    0000060c   0000060c    r-x .text
  00000878    00000878    00000028   00000028    r-- .cinit
20000000    20000000    00000218   00000000    rw-
  20000000    20000000    00000200   00000000    rw- .stack
  20000200    20000200    00000018   00000000    rw- .data


SECTION ALLOCATION MAP

 output                                  attributes/
section   page    origin      length       input sections
--------  ----  ----------  ----------   ----------------
.intvecs   0    00000000    0000026c     
                  00000000    0000026c     tm4c123gh6pm_startup_ccs.obj (.intvecs)

.text      0    0000026c    0000060c     
                  0000026c    00000130     driverlib.lib : gpio.obj (.text:GPIOPadConfigSet)
                  0000039c    000000f0                   : sysctl.obj (.text:SysCtlClockSet)
                  0000048c    0000009c     rtsv7M4_T_le_v4SPD16_eabi.lib : memcpy_t2.obj (.text)
                  00000528    0000007a                                   : memset_t2.obj (.text)
                  000005a2    00000002                                   : mpu_init.obj (.text)
                  000005a4    00000070                                   : autoinit.obj (.text)
                  00000614    0000006a                                   : copy_decompress_rle.obj (.text)
                  0000067e    00000002                                   : startup.obj (.text)
                  00000680    00000054                                   : boot.obj (.text)
                  000006d4    00000054                                   : exit.obj (.text)
                  00000728    0000004c                                   : cpy_tbl.obj (.text)
                  00000774    00000034     driverlib.lib : sysctl.obj (.text:SysCtlPeripheralEnable)
                  000007a8    00000030     main.obj (.text)
                  000007d8    0000002a     driverlib.lib : gpio.obj (.text:GPIODirModeSet)
                  00000802    00000018                   : gpio.obj (.text:GPIOPinTypeGPIOOutput)
                  0000081a    00000002     --HOLE-- [fill = 0]
                  0000081c    00000018     rtsv7M4_T_le_v4SPD16_eabi.lib : args_main.obj (.text)
                  00000834    00000014                                   : _lock.obj (.text)
                  00000848    0000000e                                   : copy_decompress_none.obj (.text:decompress:none)
                  00000856    0000000c     tm4c123gh6pm_startup_ccs.obj (.text)
                  00000862    00000006     driverlib.lib : gpio.obj (.text:GPIOPinWrite)
                  00000868    00000006                   : sysctl.obj (.text:SysCtlDelay)
                  0000086e    00000006     rtsv7M4_T_le_v4SPD16_eabi.lib : copy_decompress_rle.obj (.text:decompress:rle24)
                  00000874    00000004                                   : pre_init.obj (.text)

.cinit     0    00000878    00000028     
                  00000878    00000016     (.cinit..data.load) [load image, compression = rle]
                  0000088e    00000002     --HOLE-- [fill = 0]
                  00000890    00000008     (__TI_handler_table)
                  00000898    00000008     (__TI_cinit_table)

.init_array 
*          0    00000000    00000000     UNINITIALIZED

.stack     0    20000000    00000200     UNINITIALIZED
                  20000000    00000200     --HOLE--

.data      0    20000200    00000018     UNINITIALIZED
                  20000200    0000000c     rtsv7M4_T_le_v4SPD16_eabi.lib : exit.obj (.data:$O1$$)
                  2000020c    00000008                                   : _lock.obj (.data:$O1$$)
                  20000214    00000004                                   : stkdepth_vars.obj (.data)

MODULE SUMMARY

       Module                         code   ro data   rw data
       ------                         ----   -------   -------
    .\
       tm4c123gh6pm_startup_ccs.obj   12     620       0      
       main.obj                       48     0         0      
    +--+------------------------------+------+---------+---------+
       Total:                         60     620       0      
                                                              
    C:\ti\ccsv6\tools\compiler\arm_15.12.2.LTS\lib\rtsv7M4_T_le_v4SPD16_eabi.lib
       memcpy_t2.obj                  156    0         0      
       memset_t2.obj                  122    0         0      
       autoinit.obj                   112    0         0      
       copy_decompress_rle.obj        112    0         0      
       exit.obj                       84     0         12     
       boot.obj                       84     0         0      
       cpy_tbl.obj                    76     0         0      
       _lock.obj                      20     0         8      
       args_main.obj                  24     0         0      
       copy_decompress_none.obj       14     0         0      
       pre_init.obj                   4      0         0      
       stkdepth_vars.obj              0      0         4      
       mpu_init.obj                   2      0         0      
       startup.obj                    2      0         0      
    +--+------------------------------+------+---------+---------+
       Total:                         812    0         24     
                                                              
    D:/ti/TivaWare_C_Series-2.1.1.71/driverlib/ccs/Debug/driverlib.lib
       gpio.obj                       376    0         0      
       sysctl.obj                     298    0         0      
    +--+------------------------------+------+---------+---------+
       Total:                         674    0         0      
                                                              
       Stack:                         0      0         512    
       Linker Generated:              0      38        0      
    +--+------------------------------+------+---------+---------+
       Grand Total:                   1546   658       536    


LINKER GENERATED COPY TABLES

__TI_cinit_table @ 00000898 records: 1, size/record: 8, table size: 8
	.data: load addr=00000878, load size=00000016 bytes, run addr=20000200, run size=00000018 bytes, compression=rle


LINKER GENERATED HANDLER TABLE

__TI_handler_table @ 00000890 records: 2, size/record: 4, table size: 8
	index: 0, handler: __TI_decompress_rle24
	index: 1, handler: __TI_decompress_none


GLOBAL SYMBOLS: SORTED ALPHABETICALLY BY Name 

address   name                           
-------   ----                           
000006d5  C$$EXIT                        
000007d9  GPIODirModeSet                 
0000026d  GPIOPadConfigSet               
00000803  GPIOPinTypeGPIOOutput          
00000863  GPIOPinWrite                   
00000857  ResetISR                       
UNDEFED   SHT$$INIT_ARRAY$$Base          
UNDEFED   SHT$$INIT_ARRAY$$Limit         
0000039d  SysCtlClockSet                 
00000869  SysCtlDelay                    
00000775  SysCtlPeripheralEnable         
20000200  __STACK_END                    
00000200  __STACK_SIZE                   
20000200  __STACK_TOP                    
00000898  __TI_CINIT_Base                
000008a0  __TI_CINIT_Limit               
00000890  __TI_Handler_Table_Base        
00000898  __TI_Handler_Table_Limit       
000005a5  __TI_auto_init                 
20000200  __TI_cleanup_ptr               
00000849  __TI_decompress_none           
0000086f  __TI_decompress_rle24          
20000204  __TI_dtors_ptr                 
20000208  __TI_enable_exit_profile_output
ffffffff  __TI_pprof_out_hndl            
ffffffff  __TI_prof_data_size            
ffffffff  __TI_prof_data_start           
00000000  __TI_static_base__             
00000529  __aeabi_memclr                 
00000529  __aeabi_memclr4                
00000529  __aeabi_memclr8                
0000048d  __aeabi_memcpy                 
0000048d  __aeabi_memcpy4                
0000048d  __aeabi_memcpy8                
0000052b  __aeabi_memset                 
0000052b  __aeabi_memset4                
0000052b  __aeabi_memset8                
ffffffff  __binit__                      
ffffffff  __c_args__                     
000005a3  __mpu_init                     
20000000  __stack                        
0000081d  _args_main                     
00000681  _c_int00                       
2000020c  _lock                          
00000843  _nop                           
0000083b  _register_lock                 
00000835  _register_unlock               
0000067f  _system_post_cinit             
00000875  _system_pre_init               
20000210  _unlock                        
000006d9  abort                          
ffffffff  binit                          
00000729  copy_in                        
000006e1  exit                           
00000000  g_pfnVectors                   
000007a9  main                           
20000214  main_func_sp                   
0000048d  memcpy                         
00000531  memset                         


GLOBAL SYMBOLS: SORTED BY Symbol Address 

address   name                           
-------   ----                           
00000000  __TI_static_base__             
00000000  g_pfnVectors                   
00000200  __STACK_SIZE                   
0000026d  GPIOPadConfigSet               
0000039d  SysCtlClockSet                 
0000048d  __aeabi_memcpy                 
0000048d  __aeabi_memcpy4                
0000048d  __aeabi_memcpy8                
0000048d  memcpy                         
00000529  __aeabi_memclr                 
00000529  __aeabi_memclr4                
00000529  __aeabi_memclr8                
0000052b  __aeabi_memset                 
0000052b  __aeabi_memset4                
0000052b  __aeabi_memset8                
00000531  memset                         
000005a3  __mpu_init                     
000005a5  __TI_auto_init                 
0000067f  _system_post_cinit             
00000681  _c_int00                       
000006d5  C$$EXIT                        
000006d9  abort                          
000006e1  exit                           
00000729  copy_in                        
00000775  SysCtlPeripheralEnable         
000007a9  main                           
000007d9  GPIODirModeSet                 
00000803  GPIOPinTypeGPIOOutput          
0000081d  _args_main                     
00000835  _register_unlock               
0000083b  _register_lock                 
00000843  _nop                           
00000849  __TI_decompress_none           
00000857  ResetISR                       
00000863  GPIOPinWrite                   
00000869  SysCtlDelay                    
0000086f  __TI_decompress_rle24          
00000875  _system_pre_init               
00000890  __TI_Handler_Table_Base        
00000898  __TI_CINIT_Base                
00000898  __TI_Handler_Table_Limit       
000008a0  __TI_CINIT_Limit               
20000000  __stack                        
20000200  __STACK_END                    
20000200  __STACK_TOP                    
20000200  __TI_cleanup_ptr               
20000204  __TI_dtors_ptr                 
20000208  __TI_enable_exit_profile_output
2000020c  _lock                          
20000210  _unlock                        
20000214  main_func_sp                   
ffffffff  __TI_pprof_out_hndl            
ffffffff  __TI_prof_data_size            
ffffffff  __TI_prof_data_start           
ffffffff  __binit__                      
ffffffff  __c_args__                     
ffffffff  binit                          
UNDEFED   SHT$$INIT_ARRAY$$Base          
UNDEFED   SHT$$INIT_ARRAY$$Limit         

[59 symbols]
